Component: ARM Compiler 5.06 update 7 (build 960) Tool: armlink [4d3601]

==============================================================================

Section Cross References

    main.o(i.HAL_TIM_PeriodElapsedCallback) refers to stm32f4xx_hal.o(i.HAL_IncTick) for HAL_IncTick
    main.o(i.SystemClock_Config) refers to rt_memclr_w.o(.text) for __aeabi_memclr4
    main.o(i.SystemClock_Config) refers to stm32f4xx_hal_rcc.o(i.HAL_RCC_OscConfig) for HAL_RCC_OscConfig
    main.o(i.SystemClock_Config) refers to main.o(i.Error_Handler) for Error_Handler
    main.o(i.SystemClock_Config) refers to stm32f4xx_hal_rcc.o(i.HAL_RCC_ClockConfig) for HAL_RCC_ClockConfig
    main.o(i.main) refers to stm32f4xx_hal.o(i.HAL_Init) for HAL_Init
    main.o(i.main) refers to main.o(i.SystemClock_Config) for SystemClock_Config
    main.o(i.main) refers to gpio.o(i.MX_GPIO_Init) for MX_GPIO_Init
    main.o(i.main) refers to dma.o(i.MX_DMA_Init) for MX_DMA_Init
    main.o(i.main) refers to spi.o(i.MX_SPI1_Init) for MX_SPI1_Init
    main.o(i.main) refers to tim.o(i.MX_TIM5_Init) for MX_TIM5_Init
    main.o(i.main) refers to i2c.o(i.MX_I2C3_Init) for MX_I2C3_Init
    main.o(i.main) refers to tim.o(i.MX_TIM10_Init) for MX_TIM10_Init
    main.o(i.main) refers to usart.o(i.MX_USART1_UART_Init) for MX_USART1_UART_Init
    main.o(i.main) refers to can.o(i.MX_CAN2_Init) for MX_CAN2_Init
    main.o(i.main) refers to tim.o(i.MX_TIM4_Init) for MX_TIM4_Init
    main.o(i.main) refers to usart.o(i.MX_USART3_UART_Init) for MX_USART3_UART_Init
    main.o(i.main) refers to can.o(i.MX_CAN1_Init) for MX_CAN1_Init
    main.o(i.main) refers to usart.o(i.MX_USART2_UART_Init) for MX_USART2_UART_Init
    main.o(i.main) refers to usart.o(i.MX_USART6_UART_Init) for MX_USART6_UART_Init
    main.o(i.main) refers to tim.o(i.MX_TIM3_Init) for MX_TIM3_Init
    main.o(i.main) refers to tim.o(i.MX_TIM1_Init) for MX_TIM1_Init
    main.o(i.main) refers to spi.o(i.MX_SPI2_Init) for MX_SPI2_Init
    main.o(i.main) refers to tim.o(i.MX_TIM8_Init) for MX_TIM8_Init
    main.o(i.main) refers to bsp_delay.o(i.delay_init) for delay_init
    main.o(i.main) refers to bsp_buzzer.o(i.Buzzer_Init) for Buzzer_Init
    main.o(i.main) refers to calibrate_task.o(i.cali_param_init) for cali_param_init
    main.o(i.main) refers to port.o(i.vPortEnterCritical) for vPortEnterCritical
    main.o(i.main) refers to control_vision.o(i.Vision_Init) for Vision_Init
    main.o(i.main) refers to control_vision.o(i.Vision_USART_Receive_DMA) for Vision_USART_Receive_DMA
    main.o(i.main) refers to can_control.o(i.CAN_IT_Init) for CAN_IT_Init
    main.o(i.main) refers to bsp_usart.o(i.HAL_UART_Receive_IT_IDLE) for HAL_UART_Receive_IT_IDLE
    main.o(i.main) refers to stm32f4xx_hal_tim.o(i.HAL_TIM_PWM_Start) for HAL_TIM_PWM_Start
    main.o(i.main) refers to shoot.o(i.Mag_Ctrl) for Mag_Ctrl
    main.o(i.main) refers to freertos.o(i.MX_FREERTOS_Init) for MX_FREERTOS_Init
    main.o(i.main) refers to cmsis_os.o(i.osKernelStart) for osKernelStart
    main.o(i.main) refers to usart.o(.bss) for huart6
    main.o(i.main) refers to can.o(.bss) for hcan1
    main.o(i.main) refers to bsp_usart.o(.bss) for UART_Buffer
    main.o(i.main) refers to tim.o(.bss) for htim8
    gpio.o(i.MX_GPIO_Init) refers to rt_memclr_w.o(.text) for __aeabi_memclr4
    gpio.o(i.MX_GPIO_Init) refers to stm32f4xx_hal_gpio.o(i.HAL_GPIO_WritePin) for HAL_GPIO_WritePin
    gpio.o(i.MX_GPIO_Init) refers to stm32f4xx_hal_gpio.o(i.HAL_GPIO_Init) for HAL_GPIO_Init
    gpio.o(i.MX_GPIO_Init) refers to stm32f4xx_hal_cortex.o(i.HAL_NVIC_SetPriority) for HAL_NVIC_SetPriority
    gpio.o(i.MX_GPIO_Init) refers to stm32f4xx_hal_cortex.o(i.HAL_NVIC_EnableIRQ) for HAL_NVIC_EnableIRQ
    freertos.o(i.ALL_Send) refers to control_vision.o(i.Update_VisionTarget) for Update_VisionTarget
    freertos.o(i.ALL_Send) refers to cmsis_os.o(i.osDelay) for osDelay
    freertos.o(i.Debug) refers to debug_datascope.o(i.DataScope_Get_Channel_Data) for DataScope_Get_Channel_Data
    freertos.o(i.Debug) refers to debug_datascope.o(i.DataScope_Data_Generate) for DataScope_Data_Generate
    freertos.o(i.Debug) refers to cmsis_os.o(i.osDelay) for osDelay
    freertos.o(i.Debug) refers to shoot.o(.data) for Shoot_Freq
    freertos.o(i.Debug) refers to freertos.o(.data) for Send_Count
    freertos.o(i.Debug) refers to debug_datascope.o(.bss) for DataScope_OutPut_Buffer
    freertos.o(i.IMU_Send) refers to tasks.o(i.xTaskGetTickCount) for xTaskGetTickCount
    freertos.o(i.IMU_Send) refers to freertos.o(i.Updata_Hand_Euler_Gyro_Data) for Updata_Hand_Euler_Gyro_Data
    freertos.o(i.IMU_Send) refers to tasks.o(i.vTaskDelayUntil) for vTaskDelayUntil
    freertos.o(i.MX_FREERTOS_Init) refers to rt_memcpy_w.o(.text) for __aeabi_memcpy4
    freertos.o(i.MX_FREERTOS_Init) refers to cmsis_os.o(i.osThreadCreate) for osThreadCreate
    freertos.o(i.MX_FREERTOS_Init) refers to freertos.o(.constdata) for .constdata
[...]
    hspi1                                    0x20000df0   Data          88  spi.o(.bss)
    hspi2                                    0x20000e48   Data          88  spi.o(.bss)
    hdma_spi1_rx                             0x20000ea0   Data          96  spi.o(.bss)
    hdma_spi1_tx                             0x20000f00   Data          96  spi.o(.bss)
    htim1                                    0x20000f60   Data          64  tim.o(.bss)
    htim3                                    0x20000fa0   Data          64  tim.o(.bss)
    htim4                                    0x20000fe0   Data          64  tim.o(.bss)
    htim5                                    0x20001020   Data          64  tim.o(.bss)
    htim8                                    0x20001060   Data          64  tim.o(.bss)
    htim10                                   0x200010a0   Data          64  tim.o(.bss)
    huart1                                   0x200010e0   Data          64  usart.o(.bss)
    huart2                                   0x20001120   Data          64  usart.o(.bss)
    huart3                                   0x20001160   Data          64  usart.o(.bss)
    huart6                                   0x200011a0   Data          64  usart.o(.bss)
    hdma_usart3_rx                           0x200011e0   Data          96  usart.o(.bss)
    hdma_usart6_rx                           0x20001240   Data          96  usart.o(.bss)
    htim6                                    0x200012a0   Data          64  stm32f4xx_hal_timebase_tim.o(.bss)
    DataScope_OutPut_Buffer                  0x200012e0   Data          42  debug_datascope.o(.bss)
    DJIC_IMU                                 0x2000130c   Data          40  dji_imu.o(.bss)
    remote_control                           0x20001334   Data          22  remote_control.o(.bss)
    DR16_Export_Data                         0x2000134c   Data          68  remote_control.o(.bss)
    M6020s_Yaw                               0x20001390   Data          36  m6020_motor.o(.bss)
    M6020s_Pitch                             0x200013b4   Data          36  m6020_motor.o(.bss)
    M6020_motor                              0x200013d8   Data          44  m6020_motor.o(.bss)
    PITCH_Use                                0x20001404   Data          36  m6020_motor.o(.bss)
    infantry_null                            0x20001428   Data          16  dev_oled.o(.bss)
    hero_null                                0x20001438   Data          16  dev_oled.o(.bss)
    engineer_null                            0x20001448   Data          16  dev_oled.o(.bss)
    sentry_null                              0x20001458   Data          16  dev_oled.o(.bss)
    darts_null                               0x20001468   Data          16  dev_oled.o(.bss)
    ADC_Value                                0x20001478   Data         200  dev_oled.o(.bss)
    Buzzer                                   0x20001940   Data          10  bsp_buzzer.o(.bss)
    UART_Buffer                              0x2000194a   Data         100  bsp_usart.o(.bss)
    Can_Data                                 0x200019b0   Data         152  can_control.o(.bss)
    moto_chassis                             0x20001a48   Data         128  can_control.o(.bss)
    M6020moto_chassis                        0x20001ac8   Data         128  can_control.o(.bss)
    M3508_Friction                           0x20001b48   Data          64  can_control.o(.bss)
    TXHeader                                 0x20001b88   Data          24  can_control.o(.bss)
    RXHeader                                 0x20001ba0   Data          28  can_control.o(.bss)
    M2006_Reload                             0x20001bbc   Data          32  can_control.o(.bss)
    accel_dma_rx_buf                         0x20001bf4   Data           9  ins_task.o(.bss)
    bmi088_real_data                         0x20001c00   Data          36  ins_task.o(.bss)
    gyro_offset                              0x20001c24   Data          12  ins_task.o(.bss)
    gyro_cali_offset                         0x20001c30   Data          12  ins_task.o(.bss)
    accel_offset                             0x20001c3c   Data          12  ins_task.o(.bss)
    accel_cali_offset                        0x20001c48   Data          12  ins_task.o(.bss)
    ist8310_real_data                        0x20001c54   Data          16  ins_task.o(.bss)
    mag_offset                               0x20001c64   Data          12  ins_task.o(.bss)
    mag_cali_offset                          0x20001c70   Data          12  ins_task.o(.bss)
    INS_angle                                0x20001d10   Data          12  ins_task.o(.bss)
    INS_gyro                                 0x20001d1c   Data          12  ins_task.o(.bss)
    cali_sensor                              0x20001d5c   Data          13  calibrate_task.o(.bss)
    pFlash                                   0x20001d6c   Data          32  stm32f4xx_hal_flash.o(.bss)
    xQueueRegistry                           0x20001d8c   Data          64  queue.o(.bss)
    YAWVision                                0x20007fcc   Data          12  cloud_control.o(.bss)
    PITVision                                0x20007fd8   Data          12  cloud_control.o(.bss)
    Kalman_CHASFollow_Speed                  0x20007fe4   Data          48  cloud_control.o(.bss)
    first_order_filter_BIG_YAW               0x20008014   Data          16  cloud_control.o(.bss)
    first_order_filter_BIG_PIT               0x20008024   Data          16  cloud_control.o(.bss)
    Yaw_Vision_Out_Pid                       0x20008034   Data          64  cloud_control.o(.bss)
    Yaw_Vision_IN_Pid                        0x20008074   Data          64  cloud_control.o(.bss)
    PIT_Vision_Out_Pid                       0x200080b4   Data          64  cloud_control.o(.bss)
    PIT_Vision_IN_Pid                        0x200080f4   Data          64  cloud_control.o(.bss)
    Yaw_Vision_Out_Pid_t                     0x20008134   Data          64  cloud_control.o(.bss)
    Yaw_Vision_IN_Pid_t                      0x20008174   Data          64  cloud_control.o(.bss)
    PIT_Vision_Out_Pid_t                     0x200081b4   Data          64  cloud_control.o(.bss)
    PIT_Vision_IN_Pid_t                      0x200081f4   Data          64  cloud_control.o(.bss)
    Yaw_Vision_Out_Pid_spin                  0x20008234   Data          64  cloud_control.o(.bss)
    Yaw_Vision_IN_Pid_spin                   0x20008274   Data          64  cloud_control.o(.bss)
    PIT_Vision_Out_Pid_spin                  0x200082b4   Data          64  cloud_control.o(.bss)
    PIT_Vision_IN_Pid_spin                   0x200082f4   Data          64  cloud_control.o(.bss)
    M6020_Yaw_OUT                            0x20008334   Data          64  cloud_control.o(.bss)
    M6020_Yaw_IN                             0x20008374   Data          64  cloud_control.o(.bss)
    M6020_PIT_OUT                            0x200083b4   Data          64  cloud_control.o(.bss)
    M6020_PIT_IN                             0x200083f4   Data          64  cloud_control.o(.bss)
    tempSendData_t                           0x20008434   Data          32  robot_control.o(.bss)
    PCtempSendData_t                         0x20008454   Data          32  robot_control.o(.bss)
    Shoot                                    0x20008474   Data          16  robot_control.o(.bss)
    Send_Vision_data                         0x20008484   Data          13  control_vision.o(.bss)
    Vision_DataBuff                          0x20008491   Data          15  control_vision.o(.bss)
    VisionData                               0x200084a0   Data          84  control_vision.o(.bss)
    VisionSend_IMU                           0x200084f4   Data          16  control_vision.o(.bss)
    RoboInfUartBuff                          0x20008504   Data          13  control_vision.o(.bss)
    Vision_TIME                              0x20008514   Data          16  control_vision.o(.bss)
    YAW_queue                                0x20008524   Data          20  control_vision.o(.bss)
    PIT_queue                                0x20008538   Data          20  control_vision.o(.bss)
    sz                                       0x2000854c   Data          40  control_vision.o(.bss)
    FrictL_PID                               0x20008574   Data          56  shoot.o(.bss)
    FrictR_PID                               0x200085ac   Data          56  shoot.o(.bss)
    M2006_Dial_Ppid                          0x200085e4   Data          64  shoot.o(.bss)
    M2006_Dial_Ipid                          0x20008624   Data          64  shoot.o(.bss)
    M2006_motor                              0x20008664   Data          44  shoot.o(.bss)
    Frict_motor                              0x20008690   Data          24  shoot.o(.bss)
    Reload                                   0x200086a8   Data          28  shoot.o(.bss)
    Fric_SpeedOffset                         0x200086c4   Data          16  shoot.o(.bss)
    Expt                                     0x200086d4   Data          20  dr16_control.o(.bss)
    FrameCounter                             0x200086e8   Data          20  devices_monitor.o(.bss)
    __libspace_start                         0x200086fc   Data          96  libspace.o(.bss)
    __temporary_stack_top$libspace           0x2000875c   Data           0  libspace.o(.bss)



==============================================================================

Memory Map of the image

  Image Entry point : 0x08000189

  Load Region LR_IROM1 (Base: 0x08000000, Size: 0x00016f90, Max: 0x00100000, ABSOLUTE, COMPRESSED[0x00016bc8])

    Execution Region ER_IROM1 (Exec base: 0x08000000, Load base: 0x08000000, Size: 0x000168ec, Max: 0x00100000, ABSOLUTE)

    Exec Addr    Load Addr    Size         Type   Attr      Idx    E Section Name        Object

    0x08000000   0x08000000   0x00000188   Data   RO         3589    RESET               startup_stm32f407xx.o
    0x08000188   0x08000188   0x00000008   Code   RO        10141  * !!!main             c_w.l(__main.o)
    0x08000190   0x08000190   0x00000034   Code   RO        10587    !!!scatter          c_w.l(__scatter.o)
    0x080001c4   0x080001c4   0x00000064   Code   RO        10585    !!dclz77c           c_w.l(__dclz77c.o)
    0x08000228   0x08000228   0x0000001c   Code   RO        10589    !!handler_zi        c_w.l(__scatter_zi.o)
    0x08000244   0x08000244   0x00000002   Code   RO        10453    .ARM.Collect$$libinit$$00000000  c_w.l(libinit.o)
    0x08000246   0x08000246   0x00000004   Code   RO        10454    .ARM.Collect$$libinit$$00000001  c_w.l(libinit2.o)
    0x0800024a   0x0800024a   0x00000000   Code   RO        10457    .ARM.Collect$$libinit$$00000004  c_w.l(libinit2.o)
    0x0800024a   0x0800024a   0x00000000   Code   RO        10460    .ARM.Collect$$libinit$$0000000A  c_w.l(libinit2.o)
    0x0800024a   0x0800024a   0x00000000   Code   RO        10462    .ARM.Collect$$libinit$$0000000C  c_w.l(libinit2.o)
    0x0800024a   0x0800024a   0x00000000   Code   RO        10464    .ARM.Collect$$libinit$$0000000E  c_w.l(libinit2.o)
    0x0800024a   0x0800024a   0x00000000   Code   RO        10467    .ARM.Collect$$libinit$$00000011  c_w.l(libinit2.o)
    0x0800024a   0x0800024a   0x00000000   Code   RO        10469    .ARM.Collect$$libinit$$00000013  c_w.l(libinit2.o)
    0x0800024a   0x0800024a   0x00000000   Code   RO        10471    .ARM.Collect$$libinit$$00000015  c_w.l(libinit2.o)
    0x0800024a   0x0800024a   0x00000000   Code   RO        10473    .ARM.Collect$$libinit$$00000017  c_w.l(libinit2.o)
    0x0800024a   0x0800024a   0x00000000   Code   RO        10475    .ARM.Collect$$libinit$$00000019  c_w.l(libinit2.o)
    0x0800024a   0x0800024a   0x00000000   Code   RO        10477    .ARM.Collect$$libinit$$0000001B  c_w.l(libinit2.o)
    0x0800024a   0x0800024a   0x00000000   Code   RO        10479    .ARM.Collect$$libinit$$0000001D  c_w.l(libinit2.o)
    0x0800024a   0x0800024a   0x00000000   Code   RO        10481    .ARM.Collect$$libinit$$0000001F  c_w.l(libinit2.o)
    0x0800024a   0x0800024a   0x00000000   Code   RO        10483    .ARM.Collect$$libinit$$00000021  c_w.l(libinit2.o)
    0x0800024a   0x0800024a   0x00000000   Code   RO        10485    .ARM.Collect$$libinit$$00000023  c_w.l(libinit2.o)
    0x0800024a   0x0800024a   0x00000000   Code   RO        10487    .ARM.Collect$$libinit$$00000025  c_w.l(libinit2.o)
    0x0800024a   0x0800024a   0x00000000   Code   RO        10491    .ARM.Collect$$libinit$$0000002C  c_w.l(libinit2.o)
    0x0800024a   0x0800024a   0x00000000   Code   RO        10493    .ARM.Collect$$libinit$$0000002E  c_w.l(libinit2.o)
    0x0800024a   0x0800024a   0x00000000   Code   RO        10495    .ARM.Collect$$libinit$$00000030  c_w.l(libinit2.o)
    0x0800024a   0x0800024a   0x00000000   Code   RO        10497    .ARM.Collect$$libinit$$00000032  c_w.l(libinit2.o)
    0x0800024a   0x0800024a   0x00000002   Code   RO        10498    .ARM.Collect$$libinit$$00000033  c_w.l(libinit2.o)
    0x0800024c   0x0800024c   0x00000002   Code   RO        10548    .ARM.Collect$$libshutdown$$00000000  c_w.l(libshutdown.o)
    0x0800024e   0x0800024e   0x00000000   Code   RO        10566    .ARM.Collect$$libshutdown$$00000002  c_w.l(libshutdown2.o)
    0x0800024e   0x0800024e   0x00000000   Code   RO        10568    .ARM.Collect$$libshutdown$$00000004  c_w.l(libshutdown2.o)
    0x0800024e   0x0800024e   0x00000000   Code   RO        10570    .ARM.Collect$$libshutdown$$00000006  c_w.l(libshutdown2.o)
    0x0800024e   0x0800024e   0x00000000   Code   RO        10573    .ARM.Collect$$libshutdown$$00000009  c_w.l(libshutdown2.o)
    0x0800024e   0x0800024e   0x00000000   Code   RO        10576    .ARM.Collect$$libshutdown$$0000000C  c_w.l(libshutdown2.o)
    0x0800024e   0x0800024e   0x00000000   Code   RO        10578    .ARM.Collect$$libshutdown$$0000000E  c_w.l(libshutdown2.o)
    0x0800024e   0x0800024e   0x00000000   Code   RO        10581    .ARM.Collect$$libshutdown$$00000011  c_w.l(libshutdown2.o)
    0x0800024e   0x0800024e   0x00000002   Code   RO        10582    .ARM.Collect$$libshutdown$$00000012  c_w.l(libshutdown2.o)
    0x08000250   0x08000250   0x00000000   Code   RO        10217    .ARM.Collect$$rtentry$$00000000  c_w.l(__rtentry.o)
    0x08000250   0x08000250   0x00000000   Code   RO        10354    .ARM.Collect$$rtentry$$00000002  c_w.l(__rtentry2.o)
    0x08000250   0x08000250   0x00000006   Code   RO        10366    .ARM.Collect$$rtentry$$00000004  c_w.l(__rtentry4.o)
    0x08000256   0x08000256   0x00000000   Code   RO        10356    .ARM.Collect$$rtentry$$00000009  c_w.l(__rtentry2.o)
    0x08000256   0x08000256   0x00000004   Code   RO        10357    .ARM.Collect$$rtentry$$0000000A  c_w.l(__rtentry2.o)
    0x0800025a   0x0800025a   0x00000000   Code   RO        10359    .ARM.Collect$$rtentry$$0000000C  c_w.l(__rtentry2.o)
    0x0800025a   0x0800025a   0x00000008   Code   RO        10360    .ARM.Collect$$rtentry$$0000000D  c_w.l(__rtentry2.o)
    0x08000262   0x08000262   0x00000002   Code   RO        10499    .ARM.Collect$$rtexit$$00000000  c_w.l(rtexit.o)
    0x08000264   0x08000264   0x00000000   Code   RO        10517    .ARM.Collect$$rtexit$$00000002  c_w.l(rtexit2.o)
    0x08000264   0x08000264   0x00000004   Code   RO        10518    .ARM.Collect$$rtexit$$00000003  c_w.l(rtexit2.o)
    0x08000268   0x08000268   0x00000006   Code   RO        10519    .ARM.Collect$$rtexit$$00000004  c_w.l(rtexit2.o)
    0x0800026e   0x0800026e   0x00000002   PAD
    0x08000270   0x08000270   0x000000be   Code   RO         8559    .emb_text           port.o
    0x0800032e   0x0800032e   0x00000002   PAD
    0x08000330   0x08000330   0x00000040   Code   RO         3590    .text               startup_stm32f407xx.o
    0x08000370   0x08000370   0x00000078   Code   RO         9796    .text               arm_cortexM4lf_math.lib(arm_cos_f32.o)
    0x080003e8   0x080003e8   0x00000094   Code   RO         9846    .text               arm_cortexM4lf_math.lib(arm_sin_f32.o)
    0x0800047c   0x0800047c   0x000000ee   Code   RO        10095    .text               c_w.l(lludivv7m.o)
    0x0800056a   0x0800056a   0x0000003e   Code   RO        10127    .text               c_w.l(strlen.o)
    0x080005a8   0x080005a8   0x0000008a   Code   RO        10129    .text               c_w.l(rt_memcpy_v6.o)
    0x08000632   0x08000632   0x00000064   Code   RO        10131    .text               c_w.l(rt_memcpy_w.o)
    0x08000696   0x08000696   0x00000010   Code   RO        10135    .text               c_w.l(aeabi_memset.o)
    0x080006a6   0x080006a6   0x0000004e   Code   RO        10137    .text               c_w.l(rt_memclr_w.o)
    0x080006f4   0x080006f4   0x00000006   Code   RO        10139    .text               c_w.l(heapauxi.o)
    0x080006fa   0x080006fa   0x00000016   Code   RO        10222    .text               c_w.l(_rserrno.o)
    0x08000710   0x08000710   0x00000044   Code   RO        10294    .text               c_w.l(rt_memclr.o)
    0x08000754   0x08000754   0x00000008   Code   RO        10378    .text               c_w.l(rt_errno_addr_intlibspace.o)
    0x0800075c   0x0800075c   0x00000030   Code   RO        10382    .text               c_w.l(_fptrap.o)
    0x0800078c   0x0800078c   0x00000008   Code   RO        10433    .text               c_w.l(libspace.o)
    0x08000794   0x08000794   0x0000004a   Code   RO        10436    .text               c_w.l(sys_stackheap_outer.o)
    0x080007de   0x080007de   0x00000012   Code   RO        10440    .text               c_w.l(exit.o)
    0x080007f0   0x080007f0   0x0000000e   Code   RO        10442    .text               c_w.l(defsig_fpe_outer.o)
    0x080007fe   0x080007fe   0x0000000a   Code   RO        10506    .text               c_w.l(defsig_exit.o)
    0x08000808   0x08000808   0x000000ac   Code   RO        10508    .text               c_w.l(defsig_fpe_inner.o)
    0x080008b4   0x080008b4   0x0000000c   Code   RO        10514    .text               c_w.l(sys_exit.o)
    0x080008c0   0x080008c0   0x00000032   Code   RO        10525    .text               c_w.l(defsig_general.o)
    0x080008f2   0x080008f2   0x0000000e   Code   RO        10531    .text               c_w.l(sys_wrch.o)
    0x08000900   0x08000900   0x00000002   Code   RO        10535    .text               c_w.l(use_no_semi.o)
    0x08000902   0x08000902   0x00000000   Code   RO        10537    .text               c_w.l(indicate_semi.o)
    0x08000902   0x08000902   0x00000002   PAD
    0x08000904   0x08000904   0x00000028   Code   RO         2972    i.AHRS_init         ins_task.o
    0x0800092c   0x0800092c   0x0000006a   Code   RO         2973    i.AHRS_update       ins_task.o
    0x08000996   0x08000996   0x0000000e   Code   RO          465    i.ALL_Send          freertos.o
    0x080009a4   0x080009a4   0x00000180   Code   RO         9461    i.AttackMode_Ctrl   shoot.o
    0x08000b24   0x08000b24   0x00000014   Code   RO         1539    i.BMI088_ACCEL_NS_H  bmi088middleware.o
    0x08000b38   0x08000b38   0x00000014   Code   RO         1540    i.BMI088_ACCEL_NS_L  bmi088middleware.o
    0x08000b4c   0x08000b4c   0x00000002   Code   RO         1541    i.BMI088_GPIO_init  bmi088middleware.o
    0x08000b4e   0x08000b4e   0x00000002   PAD
    0x08000b50   0x08000b50   0x00000014   Code   RO         1542    i.BMI088_GYRO_NS_H  bmi088middleware.o
    0x08000b64   0x08000b64   0x00000014   Code   RO         1543    i.BMI088_GYRO_NS_L  bmi088middleware.o
    0x08000b78   0x08000b78   0x00000090   Code   RO         1331    i.BMI088_accel_read_over  bmi088driver.o
    0x08000c08   0x08000c08   0x00000002   Code   RO         1544    i.BMI088_com_init   bmi088middleware.o
    0x08000c0a   0x08000c0a   0x0000000c   Code   RO         1545    i.BMI088_delay_ms   bmi088middleware.o
    0x08000c16   0x08000c16   0x0000000c   Code   RO         1546    i.BMI088_delay_us   bmi088middleware.o
    0x08000c22   0x08000c22   0x00000002   PAD
    0x08000c24   0x08000c24   0x00000068   Code   RO         1332    i.BMI088_gyro_read_over  bmi088driver.o
    0x08000c8c   0x08000c8c   0x00000034   Code   RO         1333    i.BMI088_init       bmi088driver.o
    0x08000cc0   0x08000cc0   0x0000017c   Code   RO         1334    i.BMI088_read       bmi088driver.o
    0x08000e3c   0x08000e3c   0x00000026   Code   RO         1337    i.BMI088_read_muli_reg  bmi088driver.o
    0x08000e62   0x08000e62   0x00000018   Code   RO         1338    i.BMI088_read_single_reg  bmi088driver.o
    0x08000e7a   0x08000e7a   0x00000002   PAD
    0x08000e7c   0x08000e7c   0x00000020   Code   RO         1547    i.BMI088_read_write_byte  bmi088middleware.o
    0x08000e9c   0x08000e9c   0x00000034   Code   RO         1339    i.BMI088_temperature_read_over  bmi088driver.o
    0x08000ed0   0x08000ed0   0x00000014   Code   RO         1340    i.BMI088_write_single_reg  bmi088driver.o
    0x08000ee4   0x08000ee4   0x00000004   Code   RO         1113    i.BusFault_Handler  stm32f4xx_it.o
    0x08000ee8   0x08000ee8   0x00000024   Code   RO         2646    i.Buzzer_Init       bsp_buzzer.o
    0x08000f0c   0x08000f0c   0x00000128   Code   RO         2647    i.Buzzer_Processing  bsp_buzzer.o
    0x08001034   0x08001034   0x0000001c   Code   RO         1114    i.CAN1_RX0_IRQHandler  stm32f4xx_it.o
    0x08001050   0x08001050   0x0000001c   Code   RO         1115    i.CAN2_RX0_IRQHandler  stm32f4xx_it.o
    0x0800106c   0x0800106c   0x0000002a   Code   RO         2725    i.CAN_FILTER_Init   can_control.o
    0x08001096   0x08001096   0x00000002   PAD
    0x08001098   0x08001098   0x00000038   Code   RO         2726    i.CAN_IT_Init       can_control.o
    0x080010d0   0x080010d0   0x00000034   Code   RO         2727    i.CAN_Senddata      can_control.o
    0x08001104   0x08001104   0x00000058   Code   RO         2728    i.CAN_senddata      can_control.o
    0x0800115c   0x0800115c   0x00000058   Code   RO         2729    i.CAN_senddata_6020  can_control.o
    0x080011b4   0x080011b4   0x00000018   Code   RO         9190    i.CHAS_Max_Get_Power  chassis_control.o
    0x080011cc   0x080011cc   0x00000178   Code   RO         1864    i.Callback_RC_Handle  remote_control.o
    0x08001344   0x08001344   0x0000000c   Code   RO         9191    i.ChassisCap_Ctrl   chassis_control.o
    0x08001350   0x08001350   0x000001bc   Code   RO         9192    i.Chassis_Drv_Slow  chassis_control.o
    0x0800150c   0x0800150c   0x0000005c   Code   RO         9193    i.Chassis_control   chassis_control.o
    0x08001568   0x08001568   0x0000002c   Code   RO         9292    i.Check_Vision      control_vision.o
    0x08001594   0x08001594   0x00000024   Code   RO         3557    i.Checksum_CRC8     crc.o
    0x080015b8   0x080015b8   0x00000020   Code   RO         8640    i.Cloud_PID_Init    cloud_control.o
    0x080015d8   0x080015d8   0x0000014c   Code   RO         8641    i.Cloud_PITIMUVisionPID  cloud_control.o
    0x08001724   0x08001724   0x00000148   Code   RO         8642    i.Cloud_YAWIMUVisionPID  cloud_control.o
    0x0800186c   0x0800186c   0x000002c8   Code   RO         8643    i.Cloud_control     cloud_control.o
    0x08001b34   0x08001b34   0x0000000c   Code   RO         9657    i.CtrlSource_Switch  dr16_control.o
    0x08001b40   0x08001b40   0x00000010   Code   RO         1116    i.DMA1_Stream1_IRQHandler  stm32f4xx_it.o
    0x08001b50   0x08001b50   0x00000010   Code   RO         1117    i.DMA2_Stream1_IRQHandler  stm32f4xx_it.o
    0x08001b60   0x08001b60   0x00000898   Code   RO         2974    i.DMA2_Stream2_IRQHandler  ins_task.o
    0x080023f8   0x080023f8   0x00000034   Code   RO         4372    i.DMA_CalcBaseAndBitshift  stm32f4xx_hal_dma.o
    0x0800242c   0x0800242c   0x000000aa   Code   RO         4373    i.DMA_CheckFifoParam  stm32f4xx_hal_dma.o
    0x080024d6   0x080024d6   0x0000002c   Code   RO         4374    i.DMA_SetConfig     stm32f4xx_hal_dma.o
    0x08002502   0x08002502   0x00000002   PAD
    0x08002504   0x08002504   0x000006c0   Code   RO         9658    i.DR16PCCtrl_Update  dr16_control.o
    0x08002bc4   0x08002bc4   0x00000268   Code   RO         9659    i.DR16RCCtrl_Update  dr16_control.o
    0x08002e2c   0x08002e2c   0x0000002c   Code   RO         9660    i.DR16_CTRLSource_Update  dr16_control.o
    0x08002e58   0x08002e58   0x0000000c   Code   RO         9661    i.DR16_Get_ExptPit  dr16_control.o
    0x08002e64   0x08002e64   0x0000000c   Code   RO         9662    i.DR16_Get_ExptVw   dr16_control.o
    0x08002e70   0x08002e70   0x0000000c   Code   RO         9663    i.DR16_Get_ExptVx   dr16_control.o
    0x08002e7c   0x08002e7c   0x0000000c   Code   RO         9664    i.DR16_Get_ExptVy   dr16_control.o
    0x08002e88   0x08002e88   0x0000000c   Code   RO         9665    i.DR16_Get_ExptYaw  dr16_control.o
    0x08002e94   0x08002e94   0x000005f0   Code   RO         9666    i.DR16_LeverMode_Update  dr16_control.o
    0x08003484   0x08003484   0x00000098   Code   RO         1765    i.DataScope_Data_Generate  debug_datascope.o
    0x0800351c   0x0800351c   0x000000a8   Code   RO         1766    i.DataScope_Get_Channel_Data  debug_datascope.o
    0x080035c4   0x080035c4   0x00000074   Code   RO          466    i.Debug             freertos.o
    0x08003638   0x08003638   0x00000002   Code   RO         1118    i.DebugMon_Handler  stm32f4xx_it.o
    0x0800363a   0x0800363a   0x00000002   PAD
    0x0800363c   0x0800363c   0x00000030   Code   RO         9756    i.DevicesGet_State  devices_monitor.o
    0x0800366c   0x0800366c   0x00000014   Code   RO         9757    i.DevicesUpdate     devices_monitor.o
    0x08003680   0x08003680   0x00000054   Code   RO         9758    i.Devices_Detec     devices_monitor.o
    0x080036d4   0x080036d4   0x00000060   Code   RO         9462    i.Dial_PID_Init     shoot.o
    0x08003734   0x08003734   0x00000294   Code   RO         9463    i.Dial_PID_calc     shoot.o
    0x080039c8   0x080039c8   0x0000000a   Code   RO         1119    i.EXTI0_IRQHandler  stm32f4xx_it.o
    0x080039d2   0x080039d2   0x0000000a   Code   RO         1120    i.EXTI3_IRQHandler  stm32f4xx_it.o
    0x080039dc   0x080039dc   0x0000000a   Code   RO         1121    i.EXTI4_IRQHandler  stm32f4xx_it.o
    0x080039e6   0x080039e6   0x0000000a   Code   RO         1122    i.EXTI9_5_IRQHandler  stm32f4xx_it.o
    0x080039f0   0x080039f0   0x00000002   Code   RO            4    i.Error_Handler     main.o
    0x080039f2   0x080039f2   0x00000002   PAD
    0x080039f4   0x080039f4   0x0000005c   Code   RO         4142    i.FLASH_Erase_Sector  stm32f4xx_hal_flash_ex.o
    0x08003a50   0x08003a50   0x00000078   Code   RO         4143    i.FLASH_FlushCaches  stm32f4xx_hal_flash_ex.o
    0x08003ac8   0x08003ac8   0x00000030   Code   RO         4144    i.FLASH_MassErase   stm32f4xx_hal_flash_ex.o
    0x08003af8   0x08003af8   0x00000024   Code   RO         4024    i.FLASH_Program_Byte  stm32f4xx_hal_flash.o
    0x08003b1c   0x08003b1c   0x0000003c   Code   RO         4025    i.FLASH_Program_DoubleWord  stm32f4xx_hal_flash.o
    0x08003b58   0x08003b58   0x00000028   Code   RO         4026    i.FLASH_Program_HalfWord  stm32f4xx_hal_flash.o
    0x08003b80   0x08003b80   0x00000028   Code   RO         4027    i.FLASH_Program_Word  stm32f4xx_hal_flash.o
    0x08003ba8   0x08003ba8   0x00000098   Code   RO         4028    i.FLASH_SetErrorCode  stm32f4xx_hal_flash.o
    0x08003c40   0x08003c40   0x00000064   Code   RO         4029    i.FLASH_WaitForLastOperation  stm32f4xx_hal_flash.o
    0x08003ca4   0x08003ca4   0x00000050   Code   RO         9293    i.FPS_Calculate     control_vision.o
    0x08003cf4   0x08003cf4   0x00000018   Code   RO         9294    i.FiringRate        control_vision.o
    0x08003d0c   0x08003d0c   0x0000001c   Code   RO         1767    i.Float2Byte        debug_datascope.o
    0x08003d28   0x08003d28   0x00000128   Code   RO         9194    i.Follow_Ctrl       chassis_control.o
    0x08003e50   0x08003e50   0x0000000e   Code   RO         9759    i.Frame_Detec       devices_monitor.o
    0x08003e5e   0x08003e5e   0x00000002   PAD
    0x08003e60   0x08003e60   0x0000044c   Code   RO         9465    i.Fric_processing   shoot.o
    0x080042ac   0x080042ac   0x00000044   Code   RO         9466    i.Frict_PID_Init    shoot.o
    0x080042f0   0x080042f0   0x00000048   Code   RO         1865    i.GetKeyMouseAction  remote_control.o
    0x08004338   0x08004338   0x0000000c   Code   RO         9295    i.GetVisionDiscMode  control_vision.o
    0x08004344   0x08004344   0x00000018   Code   RO         9296    i.GetVisionHitMode  control_vision.o
    0x0800435c   0x0800435c   0x0000000c   Code   RO         1866    i.Get_CH0           remote_control.o
    0x08004368   0x08004368   0x0000000c   Code   RO         1867    i.Get_CH1           remote_control.o
    0x08004374   0x08004374   0x0000000c   Code   RO         1868    i.Get_CH2           remote_control.o
    0x08004380   0x08004380   0x0000000c   Code   RO         1869    i.Get_CH3           remote_control.o
    0x0800438c   0x0800438c   0x00000054   Code   RO         8646    i.Get_CloudMeasured  cloud_control.o
    0x080043e0   0x080043e0   0x0000000c   Code   RO         1870    i.Get_DW            remote_control.o
    0x080043ec   0x080043ec   0x00000020   Code   RO         9298    i.Get_FPS           control_vision.o
    0x0800440c   0x0800440c   0x0000000c   Code   RO         1871    i.Get_MouseX        remote_control.o
    0x08004418   0x08004418   0x0000000c   Code   RO         1872    i.Get_MouseY        remote_control.o
    0x08004424   0x08004424   0x00000028   Code   RO         8647    i.Get_PitDeviateH   cloud_control.o
    0x0800444c   0x0800444c   0x00000028   Code   RO         8648    i.Get_PitDeviateH1  cloud_control.o
    0x08004474   0x08004474   0x00000028   Code   RO         8649    i.Get_PitDeviateL   cloud_control.o
    0x0800449c   0x0800449c   0x00000028   Code   RO         8650    i.Get_PitDeviateL1  cloud_control.o
    0x080044c4   0x080044c4   0x0000000c   Code   RO         1877    i.Get_S1_L          remote_control.o
    0x080044d0   0x080044d0   0x0000000c   Code   RO         1878    i.Get_S2_R          remote_control.o
    0x080044dc   0x080044dc   0x00000156   Code   RO         3636    i.HAL_CAN_AddTxMessage  stm32f4xx_hal_can.o
    0x08004632   0x08004632   0x00000002   PAD
    0x08004634   0x08004634   0x00000124   Code   RO         3637    i.HAL_CAN_ConfigFilter  stm32f4xx_hal_can.o
    0x08004758   0x08004758   0x00000002   Code   RO         3640    i.HAL_CAN_ErrorCallback  stm32f4xx_hal_can.o
    0x0800475a   0x0800475a   0x0000017a   Code   RO         3643    i.HAL_CAN_GetRxMessage  stm32f4xx_hal_can.o
    0x080048d4   0x080048d4   0x0000024e   Code   RO         3647    i.HAL_CAN_IRQHandler  stm32f4xx_hal_can.o
    0x08004b22   0x08004b22   0x00000174   Code   RO         3648    i.HAL_CAN_Init      stm32f4xx_hal_can.o
    0x08004c96   0x08004c96   0x00000002   PAD
    0x08004c98   0x08004c98   0x00000160   Code   RO          810    i.HAL_CAN_MspInit   can.o
    0x08004df8   0x08004df8   0x00000002   Code   RO         3655    i.HAL_CAN_RxFifo0FullCallback  stm32f4xx_hal_can.o
    0x08004dfa   0x08004dfa   0x00000002   Code   RO         3656    i.HAL_CAN_RxFifo0MsgPendingCallback  stm32f4xx_hal_can.o
    0x08004dfc   0x08004dfc   0x0000008c   Code   RO         2730    i.HAL_CAN_RxFifo0MsgPendingCallback_1  can_control.o
    0x08004e88   0x08004e88   0x00000090   Code   RO         2731    i.HAL_CAN_RxFifo0MsgPendingCallback_2  can_control.o
    0x08004f18   0x08004f18   0x00000002   Code   RO         3657    i.HAL_CAN_RxFifo1FullCallback  stm32f4xx_hal_can.o
    0x08004f1a   0x08004f1a   0x00000002   Code   RO         3658    i.HAL_CAN_RxFifo1MsgPendingCallback  stm32f4xx_hal_can.o
    0x08004f1c   0x08004f1c   0x00000002   Code   RO         3659    i.HAL_CAN_SleepCallback  stm32f4xx_hal_can.o
    0x08004f1e   0x08004f1e   0x0000005e   Code   RO         3660    i.HAL_CAN_Start     stm32f4xx_hal_can.o
    0x08004f7c   0x08004f7c   0x00000002   Code   RO         3662    i.HAL_CAN_TxMailbox0AbortCallback  stm32f4xx_hal_can.o
    0x08004f7e   0x08004f7e   0x00000002   Code   RO         3663    i.HAL_CAN_TxMailbox0CompleteCallback  stm32f4xx_hal_can.o
    0x08004f80   0x08004f80   0x00000002   Code   RO         3664    i.HAL_CAN_TxMailbox1AbortCallback  stm32f4xx_hal_can.o
    0x08004f82   0x08004f82   0x00000002   Code   RO         3665    i.HAL_CAN_TxMailbox1CompleteCallback  stm32f4xx_hal_can.o
    0x08004f84   0x08004f84   0x00000002   Code   RO         3666    i.HAL_CAN_TxMailbox2AbortCallback  stm32f4xx_hal_can.o
    0x08004f86   0x08004f86   0x00000002   Code   RO         3667    i.HAL_CAN_TxMailbox2CompleteCallback  stm32f4xx_hal_can.o
    0x08004f88   0x08004f88   0x00000002   Code   RO         3669    i.HAL_CAN_WakeUpFromRxMsgCallback  stm32f4xx_hal_can.o
    0x08004f8a   0x08004f8a   0x00000028   Code   RO         4376    i.HAL_DMA_Abort_IT  stm32f4xx_hal_dma.o
    0x08004fb2   0x08004fb2   0x00000002   PAD
    0x08004fb4   0x08004fb4   0x00000240   Code   RO         4380    i.HAL_DMA_IRQHandler  stm32f4xx_hal_dma.o
    0x080051f4   0x080051f4   0x000000ec   Code   RO         4381    i.HAL_DMA_Init      stm32f4xx_hal_dma.o
    0x080052e0   0x080052e0   0x00000066   Code   RO         4384    i.HAL_DMA_Start     stm32f4xx_hal_dma.o
    0x08005346   0x08005346   0x00000002   PAD
    0x08005348   0x08005348   0x000000ac   Code   RO         4154    i.HAL_FLASHEx_Erase  stm32f4xx_hal_flash_ex.o
    0x080053f4   0x080053f4   0x00000014   Code   RO         4033    i.HAL_FLASH_Lock    stm32f4xx_hal_flash.o
    0x08005408   0x08005408   0x00000098   Code   RO         4038    i.HAL_FLASH_Program  stm32f4xx_hal_flash.o
    0x080054a0   0x080054a0   0x00000034   Code   RO         4040    i.HAL_FLASH_Unlock  stm32f4xx_hal_flash.o
    0x080054d4   0x080054d4   0x000000a8   Code   RO         2975    i.HAL_GPIO_EXTI_Callback  ins_task.o
    0x0800557c   0x0800557c   0x0000001c   Code   RO         4267    i.HAL_GPIO_EXTI_IRQHandler  stm32f4xx_hal_gpio.o
    0x08005598   0x08005598   0x00000200   Code   RO         4268    i.HAL_GPIO_Init     stm32f4xx_hal_gpio.o
    0x08005798   0x08005798   0x00000010   Code   RO         4270    i.HAL_GPIO_ReadPin  stm32f4xx_hal_gpio.o
    0x080057a8   0x080057a8   0x00000012   Code   RO         4271    i.HAL_GPIO_TogglePin  stm32f4xx_hal_gpio.o
    0x080057ba   0x080057ba   0x0000000c   Code   RO         4272    i.HAL_GPIO_WritePin  stm32f4xx_hal_gpio.o
    0x080057c6   0x080057c6   0x00000002   PAD
    0x080057c8   0x080057c8   0x0000000c   Code   RO         4805    i.HAL_GetTick       stm32f4xx_hal.o
    0x080057d4   0x080057d4   0x000001d0   Code   RO         5061    i.HAL_I2C_Init      stm32f4xx_hal_i2c.o
    0x080059a4   0x080059a4   0x000002f4   Code   RO         5079    i.HAL_I2C_Mem_Read  stm32f4xx_hal_i2c.o
    0x08005c98   0x08005c98   0x00000164   Code   RO         5082    i.HAL_I2C_Mem_Write  stm32f4xx_hal_i2c.o
    0x08005dfc   0x08005dfc   0x000000c8   Code   RO          886    i.HAL_I2C_MspInit   i2c.o
    0x08005ec4   0x08005ec4   0x00000018   Code   RO         4811    i.HAL_IncTick       stm32f4xx_hal.o
    0x08005edc   0x08005edc   0x0000003c   Code   RO         4812    i.HAL_Init          stm32f4xx_hal.o
    0x08005f18   0x08005f18   0x0000008c   Code   RO         1292    i.HAL_InitTick      stm32f4xx_hal_timebase_tim.o
    0x08005fa4   0x08005fa4   0x00000054   Code   RO         1268    i.HAL_MspInit       stm32f4xx_hal_msp.o
    0x08005ff8   0x08005ff8   0x00000020   Code   RO         4657    i.HAL_NVIC_EnableIRQ  stm32f4xx_hal_cortex.o
    0x08006018   0x08006018   0x0000007c   Code   RO         4663    i.HAL_NVIC_SetPriority  stm32f4xx_hal_cortex.o
    0x08006094   0x08006094   0x00000028   Code   RO         4664    i.HAL_NVIC_SetPriorityGrouping  stm32f4xx_hal_cortex.o
    0x080060bc   0x080060bc   0x00000044   Code   RO         4665    i.HAL_NVIC_SystemReset  stm32f4xx_hal_cortex.o
    0x08006100   0x08006100   0x00000184   Code   RO         3869    i.HAL_RCC_ClockConfig  stm32f4xx_hal_rcc.o
    0x08006284   0x08006284   0x00000044   Code   RO         3873    i.HAL_RCC_GetClockConfig  stm32f4xx_hal_rcc.o
    0x080062c8   0x080062c8   0x0000000c   Code   RO         3874    i.HAL_RCC_GetHCLKFreq  stm32f4xx_hal_rcc.o
    0x080062d4   0x080062d4   0x00000020   Code   RO         3876    i.HAL_RCC_GetPCLK1Freq  stm32f4xx_hal_rcc.o
    0x080062f4   0x080062f4   0x00000020   Code   RO         3877    i.HAL_RCC_GetPCLK2Freq  stm32f4xx_hal_rcc.o
    0x08006314   0x08006314   0x000000b0   Code   RO         3878    i.HAL_RCC_GetSysClockFreq  stm32f4xx_hal_rcc.o
    0x080063c4   0x080063c4   0x00000488   Code   RO         3881    i.HAL_RCC_OscConfig  stm32f4xx_hal_rcc.o
    0x0800684c   0x0800684c   0x0000008c   Code   RO         5551    i.HAL_SPI_Init      stm32f4xx_hal_spi.o
    0x080068d8   0x080068d8   0x00000208   Code   RO          928    i.HAL_SPI_MspInit   spi.o
    0x08006ae0   0x08006ae0   0x000001a2   Code   RO         5559    i.HAL_SPI_Transmit  stm32f4xx_hal_spi.o
    0x08006c82   0x08006c82   0x0000022a   Code   RO         5560    i.HAL_SPI_TransmitReceive  stm32f4xx_hal_spi.o
    0x08006eac   0x08006eac   0x00000002   Code   RO         6550    i.HAL_TIMEx_BreakCallback  stm32f4xx_hal_tim_ex.o
    0x08006eae   0x08006eae   0x00000002   Code   RO         6551    i.HAL_TIMEx_CommutCallback  stm32f4xx_hal_tim_ex.o
    0x08006eb0   0x08006eb0   0x00000074   Code   RO         6553    i.HAL_TIMEx_ConfigBreakDeadTime  stm32f4xx_hal_tim_ex.o
    0x08006f24   0x08006f24   0x000000b4   Code   RO         6568    i.HAL_TIMEx_MasterConfigSynchronization  stm32f4xx_hal_tim_ex.o
    0x08006fd8   0x08006fd8   0x00000034   Code   RO         5864    i.HAL_TIM_Base_Init  stm32f4xx_hal_tim.o
    0x0800700c   0x0800700c   0x00000130   Code   RO          976    i.HAL_TIM_Base_MspInit  tim.o
    0x0800713c   0x0800713c   0x0000002a   Code   RO         5867    i.HAL_TIM_Base_Start  stm32f4xx_hal_tim.o
    0x08007166   0x08007166   0x0000002a   Code   RO         5869    i.HAL_TIM_Base_Start_IT  stm32f4xx_hal_tim.o
    0x08007190   0x08007190   0x00000108   Code   RO         5873    i.HAL_TIM_ConfigClockSource  stm32f4xx_hal_tim.o
    0x08007298   0x08007298   0x00000094   Code   RO         1879    i.HAL_TIM_IC_CaptureCallback  remote_control.o
    0x0800732c   0x0800732c   0x00000196   Code   RO         5907    i.HAL_TIM_IRQHandler  stm32f4xx_hal_tim.o
    0x080074c2   0x080074c2   0x00000002   PAD
    0x080074c4   0x080074c4   0x000001cc   Code   RO          977    i.HAL_TIM_MspPostInit  tim.o
    0x08007690   0x08007690   0x00000002   Code   RO         5910    i.HAL_TIM_OC_DelayElapsedCallback  stm32f4xx_hal_tim.o
    0x08007692   0x08007692   0x00000108   Code   RO         5931    i.HAL_TIM_PWM_ConfigChannel  stm32f4xx_hal_tim.o
    0x0800779a   0x0800779a   0x00000034   Code   RO         5934    i.HAL_TIM_PWM_Init  stm32f4xx_hal_tim.o
    0x080077ce   0x080077ce   0x00000002   Code   RO         5936    i.HAL_TIM_PWM_MspInit  stm32f4xx_hal_tim.o
    0x080077d0   0x080077d0   0x00000002   Code   RO         5937    i.HAL_TIM_PWM_PulseFinishedCallback  stm32f4xx_hal_tim.o
    0x080077d2   0x080077d2   0x00000002   PAD
    0x080077d4   0x080077d4   0x00000058   Code   RO         5939    i.HAL_TIM_PWM_Start  stm32f4xx_hal_tim.o
    0x0800782c   0x0800782c   0x00000018   Code   RO            5    i.HAL_TIM_PeriodElapsedCallback  main.o
    0x08007844   0x08007844   0x00000002   Code   RO         5950    i.HAL_TIM_TriggerCallback  stm32f4xx_hal_tim.o
    0x08007846   0x08007846   0x00000002   Code   RO         6822    i.HAL_UART_ErrorCallback  stm32f4xx_hal_uart.o
    0x08007848   0x08007848   0x00000174   Code   RO         2682    i.HAL_UART_IDLE_IRQHandler  bsp_usart.o
    0x080079bc   0x080079bc   0x00000154   Code   RO         6825    i.HAL_UART_IRQHandler  stm32f4xx_hal_uart.o
    0x08007b10   0x08007b10   0x00000072   Code   RO         6826    i.HAL_UART_Init     stm32f4xx_hal_uart.o
    0x08007b82   0x08007b82   0x00000002   PAD
    0x08007b84   0x08007b84   0x000002d8   Code   RO         1054    i.HAL_UART_MspInit  usart.o
    0x08007e5c   0x08007e5c   0x00000020   Code   RO         2683    i.HAL_UART_Receive_IT_IDLE  bsp_usart.o
    0x08007e7c   0x08007e7c   0x00000002   Code   RO         6832    i.HAL_UART_RxCpltCallback  stm32f4xx_hal_uart.o
    0x08007e7e   0x08007e7e   0x000000d8   Code   RO         6834    i.HAL_UART_Transmit  stm32f4xx_hal_uart.o
    0x08007f56   0x08007f56   0x00000002   Code   RO         6837    i.HAL_UART_TxCpltCallback  stm32f4xx_hal_uart.o
    0x08007f58   0x08007f58   0x00000054   Code   RO         2812    i.Handle_Angle8191_PID_Over_Zero  pid.o
    0x08007fac   0x08007fac   0x00000004   Code   RO         1123    i.HardFault_Handler  stm32f4xx_it.o
    0x08007fb0   0x08007fb0   0x0000003e   Code   RO         5104    i.I2C_IsAcknowledgeFailed  stm32f4xx_hal_i2c.o
    0x08007fee   0x08007fee   0x00000002   PAD
    0x08007ff0   0x08007ff0   0x00000160   Code   RO         5115    i.I2C_RequestMemoryRead  stm32f4xx_hal_i2c.o
    0x08008150   0x08008150   0x000000e0   Code   RO         5116    i.I2C_RequestMemoryWrite  stm32f4xx_hal_i2c.o
    0x08008230   0x08008230   0x0000005c   Code   RO         5124    i.I2C_WaitOnBTFFlagUntilTimeout  stm32f4xx_hal_i2c.o
    0x0800828c   0x0800828c   0x00000086   Code   RO         5125    i.I2C_WaitOnFlagUntilTimeout  stm32f4xx_hal_i2c.o
    0x08008312   0x08008312   0x000000c4   Code   RO         5126    i.I2C_WaitOnMasterAddressFlagUntilTimeout  stm32f4xx_hal_i2c.o
    0x080083d6   0x080083d6   0x00000080   Code   RO         5127    i.I2C_WaitOnRXNEFlagUntilTimeout  stm32f4xx_hal_i2c.o
    0x08008456   0x08008456   0x0000005c   Code   RO         5130    i.I2C_WaitOnTXEFlagUntilTimeout  stm32f4xx_hal_i2c.o
    0x080084b2   0x080084b2   0x0000001a   Code   RO          467    i.IMU_Send          freertos.o
    0x080084cc   0x080084cc   0x0000004c   Code   RO         8651    i.IMU_control_PITCH  cloud_control.o
    0x08008518   0x08008518   0x0000004c   Code   RO         8652    i.IMU_control_YAW   cloud_control.o
    0x08008564   0x08008564   0x0000007c   Code   RO         2976    i.INS_cali_gyro     ins_task.o
    0x080085e0   0x080085e0   0x00000048   Code   RO         2977    i.INS_set_cali_gyro  ins_task.o
    0x08008628   0x08008628   0x00000304   Code   RO         2978    i.INS_task          ins_task.o
    0x0800892c   0x0800892c   0x00000048   Code   RO         2814    i.IncrementalPID_paraReset  pid.o
    0x08008974   0x08008974   0x000000ce   Code   RO         2815    i.Incremental_PID   pid.o
    0x08008a42   0x08008a42   0x00000002   PAD
    0x08008a44   0x08008a44   0x00000028   Code   RO         9471    i.Judge_ReloadStall  shoot.o
    0x08008a6c   0x08008a6c   0x00000040   Code   RO         3493    i.KalmanCreate      kalman_filter.o
    0x08008aac   0x08008aac   0x000000cc   Code   RO         1880    i.KeyMouseFlag_Update  remote_control.o
    0x08008b78   0x08008b78   0x00000018   Code   RO         8653    i.Laser_Ctrl        cloud_control.o
    0x08008b90   0x08008b90   0x00000048   Code   RO          811    i.MX_CAN1_Init      can.o
    0x08008bd8   0x08008bd8   0x00000048   Code   RO          812    i.MX_CAN2_Init      can.o
    0x08008c20   0x08008c20   0x00000088   Code   RO          858    i.MX_DMA_Init       dma.o
    0x08008ca8   0x08008ca8   0x00000124   Code   RO          468    i.MX_FREERTOS_Init  freertos.o
    0x08008dcc   0x08008dcc   0x00000258   Code   RO          336    i.MX_GPIO_Init      gpio.o
    0x08009024   0x08009024   0x0000003c   Code   RO          887    i.MX_I2C3_Init      i2c.o
    0x08009060   0x08009060   0x00000048   Code   RO          929    i.MX_SPI1_Init      spi.o
    0x080090a8   0x080090a8   0x00000044   Code   RO          930    i.MX_SPI2_Init      spi.o
    0x080090ec   0x080090ec   0x0000006c   Code   RO          978    i.MX_TIM10_Init     tim.o
    0x08009158   0x08009158   0x000000e8   Code   RO          979    i.MX_TIM1_Init      tim.o
    0x08009240   0x08009240   0x00000070   Code   RO          980    i.MX_TIM3_Init      tim.o
    0x080092b0   0x080092b0   0x000000a4   Code   RO          981    i.MX_TIM4_Init      tim.o
    0x08009354   0x08009354   0x000000c4   Code   RO          982    i.MX_TIM5_Init      tim.o
    0x08009418   0x08009418   0x000000e8   Code   RO          983    i.MX_TIM8_Init      tim.o
    0x08009500   0x08009500   0x00000038   Code   RO         1055    i.MX_USART1_UART_Init  usart.o
    0x08009538   0x08009538   0x00000038   Code   RO         1056    i.MX_USART2_UART_Init  usart.o
    0x08009570   0x08009570   0x00000040   Code   RO         1057    i.MX_USART3_UART_Init  usart.o
    0x080095b0   0x080095b0   0x00000038   Code   RO         1058    i.MX_USART6_UART_Init  usart.o
    0x080095e8   0x080095e8   0x00000038   Code   RO         9472    i.Mag_Ctrl          shoot.o
    0x08009620   0x08009620   0x000005ac   Code   RO         3459    i.MahonyAHRSupdate  mahonyahrs.o
    0x08009bcc   0x08009bcc   0x000002fc   Code   RO         3460    i.MahonyAHRSupdateIMU  mahonyahrs.o
    0x08009ec8   0x08009ec8   0x00000004   Code   RO         1124    i.MemManage_Handler  stm32f4xx_it.o
    0x08009ecc   0x08009ecc   0x00000002   Code   RO         1125    i.NMI_Handler       stm32f4xx_it.o
    0x08009ece   0x08009ece   0x00000002   PAD
    0x08009ed0   0x08009ed0   0x00000098   Code   RO         9196    i.NotfollowMode     chassis_control.o
    0x08009f68   0x08009f68   0x000000a0   Code   RO         2252    i.OLED_ShowChinese  dev_oled.o
    0x0800a008   0x0800a008   0x00000240   Code   RO         2253    i.OLED_ShowMessage  dev_oled.o
    0x0800a248   0x0800a248   0x000000a4   Code   RO         9197    i.Omnidirectional_Formula  chassis_control.o
    0x0800a2ec   0x0800a2ec   0x000000a4   Code   RO         9198    i.Omnidirectional_Formula1  chassis_control.o
    0x0800a390   0x0800a390   0x0000011a   Code   RO         2816    i.PICTH_IN_PID      pid.o
    0x0800a4aa   0x0800a4aa   0x000000ba   Code   RO         2817    i.PICTH_OUT_PID     pid.o
    0x0800a564   0x0800a564   0x0000010e   Code   RO         2818    i.PICTH_Vis_IN_PID  pid.o
    0x0800a672   0x0800a672   0x000000ae   Code   RO         2819    i.PICTH_Vis_OUT_PID  pid.o
    0x0800a720   0x0800a720   0x000001f0   Code   RO         2820    i.PID_calc          pid.o
    0x0800a910   0x0800a910   0x00000060   Code   RO         2822    i.PID_init          pid.o
    0x0800a970   0x0800a970   0x0000015c   Code   RO         8654    i.PITCH_PID_Init    cloud_control.o
    0x0800aacc   0x0800aacc   0x00000110   Code   RO         8655    i.Pit_AngleLimit    cloud_control.o
    0x0800abdc   0x0800abdc   0x00000110   Code   RO         8656    i.Pit_AngleLimit2   cloud_control.o
    0x0800acec   0x0800acec   0x00000050   Code   RO         2824    i.PositionPID_Reset  pid.o
    0x0800ad3c   0x0800ad3c   0x00000048   Code   RO         2825    i.PositionPID_paraReset  pid.o
    0x0800ad84   0x0800ad84   0x00000070   Code   RO         2254    i.RM_LOGO           dev_oled.o
    0x0800adf4   0x0800adf4   0x000000d0   Code   RO         8969    i.RefereeMsg_Write  robot_control.o
    0x0800aec4   0x0800aec4   0x00000024   Code   RO         9473    i.Reload_Reset      shoot.o
    0x0800aee8   0x0800aee8   0x0000002a   Code   RO         3259    i.RobotControl      task_robotcontr.o
    0x0800af12   0x0800af12   0x0000001c   Code   RO         8970    i.Robot_Disable     robot_control.o
    0x0800af2e   0x0800af2e   0x00000010   Code   RO         9667    i.Robot_Reset       dr16_control.o
    0x0800af3e   0x0800af3e   0x00000002   PAD
    0x0800af40   0x0800af40   0x0000002c   Code   RO         8971    i.Robot_control     robot_control.o
    0x0800af6c   0x0800af6c   0x0000273c   Code   RO         2516    i.SPI1_DMA_enable   bsp_spi.o
    0x0800d6a8   0x0800d6a8   0x00000180   Code   RO         2517    i.SPI1_DMA_init     bsp_spi.o
    0x0800d828   0x0800d828   0x0000006c   Code   RO         5589    i.SPI_EndRxTxTransaction  stm32f4xx_hal_spi.o
    0x0800d894   0x0800d894   0x000000a8   Code   RO         5594    i.SPI_WaitFlagStateUntilTimeout  stm32f4xx_hal_spi.o
    0x0800d93c   0x0800d93c   0x000001c8   Code   RO         8972    i.SendMsgtoCHAS     robot_control.o
    0x0800db04   0x0800db04   0x00000034   Code   RO         9299    i.SendVisionData    control_vision.o
    0x0800db38   0x0800db38   0x000000b0   Code   RO         8973    i.Set_AttackMode    robot_control.o
    0x0800dbe8   0x0800dbe8   0x0000000c   Code   RO         8974    i.Set_ChassisMode   robot_control.o
    0x0800dbf4   0x0800dbf4   0x0000000c   Code   RO         8975    i.Set_GimbalMode    robot_control.o
    0x0800dc00   0x0800dc00   0x0000006c   Code   RO         8658    i.Set_InitAngle     cloud_control.o
    0x0800dc6c   0x0800dc6c   0x00000044   Code   RO         9474    i.Set_ReloadNum     shoot.o
    0x0800dcb0   0x0800dcb0   0x0000000c   Code   RO         8976    i.Set_VisionMode    robot_control.o
    0x0800dcbc   0x0800dcbc   0x00000018   Code   RO         9475    i.ShootGet_SpeedLimit  shoot.o
    0x0800dcd4   0x0800dcd4   0x000000ba   Code   RO         2827    i.Shoot_Position_PID  pid.o
    0x0800dd8e   0x0800dd8e   0x00000002   PAD
    0x0800dd90   0x0800dd90   0x0000008c   Code   RO         9476    i.Shoot_control     shoot.o
    0x0800de1c   0x0800de1c   0x000000ac   Code   RO         9199    i.Spin_Ctrl         chassis_control.o
    0x0800dec8   0x0800dec8   0x00000034   Code   RO         8560    i.SysTick_Handler   port.o
    0x0800defc   0x0800defc   0x000000b4   Code   RO            6    i.SystemClock_Config  main.o
    0x0800dfb0   0x0800dfb0   0x00000064   Code   RO         3598    i.SystemInit        system_stm32f4xx.o
    0x0800e014   0x0800e014   0x00000010   Code   RO         1126    i.TIM3_IRQHandler   stm32f4xx_it.o
    0x0800e024   0x0800e024   0x00000010   Code   RO         1127    i.TIM6_DAC_IRQHandler  stm32f4xx_it.o
    0x0800e034   0x0800e034   0x000000d8   Code   RO         5952    i.TIM_Base_SetConfig  stm32f4xx_hal_tim.o
    0x0800e10c   0x0800e10c   0x00000022   Code   RO         5953    i.TIM_CCxChannelCmd  stm32f4xx_hal_tim.o
    0x0800e12e   0x0800e12e   0x00000016   Code   RO         5963    i.TIM_ETR_SetConfig  stm32f4xx_hal_tim.o
    0x0800e144   0x0800e144   0x00000012   Code   RO         5964    i.TIM_ITRx_SetConfig  stm32f4xx_hal_tim.o
    0x0800e156   0x0800e156   0x00000002   PAD
    0x0800e158   0x0800e158   0x00000070   Code   RO         5965    i.TIM_OC1_SetConfig  stm32f4xx_hal_tim.o
    0x0800e1c8   0x0800e1c8   0x0000007c   Code   RO         5966    i.TIM_OC2_SetConfig  stm32f4xx_hal_tim.o
    0x0800e244   0x0800e244   0x00000078   Code   RO         5967    i.TIM_OC3_SetConfig  stm32f4xx_hal_tim.o
    0x0800e2bc   0x0800e2bc   0x00000054   Code   RO         5968    i.TIM_OC4_SetConfig  stm32f4xx_hal_tim.o
    0x0800e310   0x0800e310   0x00000026   Code   RO         5970    i.TIM_TI1_ConfigInputStage  stm32f4xx_hal_tim.o
    0x0800e336   0x0800e336   0x00000028   Code   RO         5972    i.TIM_TI2_ConfigInputStage  stm32f4xx_hal_tim.o
    0x0800e35e   0x0800e35e   0x00000002   PAD
    0x0800e360   0x0800e360   0x00000050   Code   RO         8659    i.TargetAngle_Update  cloud_control.o
    0x0800e3b0   0x0800e3b0   0x0000001e   Code   RO         3354    i.Task_DR16_Recv    task_dr16.o
    0x0800e3ce   0x0800e3ce   0x00000002   PAD
    0x0800e3d0   0x0800e3d0   0x000000b8   Code   RO         9615    i.Task_DevicesMonitor  task_monitor.o
    0x0800e488   0x0800e488   0x00000014   Code   RO         6839    i.UART_DMAAbortOnError  stm32f4xx_hal_uart.o
    0x0800e49c   0x0800e49c   0x00000020   Code   RO         6849    i.UART_EndRxTransfer  stm32f4xx_hal_uart.o
    0x0800e4bc   0x0800e4bc   0x00000020   Code   RO         6850    i.UART_EndTransmit_IT  stm32f4xx_hal_uart.o
    0x0800e4dc   0x0800e4dc   0x000000a4   Code   RO         2684    i.UART_Receive_DMA_NoIT  bsp_usart.o
    0x0800e580   0x0800e580   0x000000a6   Code   RO         6852    i.UART_Receive_IT   stm32f4xx_hal_uart.o
    0x0800e626   0x0800e626   0x00000002   PAD
    0x0800e628   0x0800e628   0x000003e8   Code   RO         6853    i.UART_SetConfig    stm32f4xx_hal_uart.o
    0x0800ea10   0x0800ea10   0x00000068   Code   RO         6854    i.UART_Transmit_IT  stm32f4xx_hal_uart.o
    0x0800ea78   0x0800ea78   0x0000006c   Code   RO         6855    i.UART_WaitOnFlagUntilTimeout  stm32f4xx_hal_uart.o
    0x0800eae4   0x0800eae4   0x0000001c   Code   RO         1128    i.USART3_IRQHandler  stm32f4xx_it.o
    0x0800eb00   0x0800eb00   0x00000058   Code   RO         1129    i.USART6_IRQHandler  stm32f4xx_it.o
    0x0800eb58   0x0800eb58   0x00000044   Code   RO         9300    i.USART_Receive_DMA_NO_IT  control_vision.o
    0x0800eb9c   0x0800eb9c   0x00000148   Code   RO          469    i.Updata_Hand_Euler_Gyro_Data  freertos.o
    0x0800ece4   0x0800ece4   0x00000010   Code   RO         9301    i.Update_Vision     control_vision.o
    0x0800ecf4   0x0800ecf4   0x00000038   Code   RO         9302    i.Update_VisionTarget  control_vision.o
    0x0800ed2c   0x0800ed2c   0x00000004   Code   RO         1130    i.UsageFault_Handler  stm32f4xx_it.o
    0x0800ed30   0x0800ed30   0x000001d4   Code   RO         8660    i.Vision_Angle_Update  cloud_control.o
    0x0800ef04   0x0800ef04   0x00000014   Code   RO         9303    i.Vision_CP         control_vision.o
    0x0800ef18   0x0800ef18   0x00000168   Code   RO         9304    i.Vision_DataReceive  control_vision.o
    0x0800f080   0x0800f080   0x00000054   Code   RO         9305    i.Vision_Handler    control_vision.o
    0x0800f0d4   0x0800f0d4   0x00000002   Code   RO         9306    i.Vision_ID_Init    control_vision.o
    0x0800f0d6   0x0800f0d6   0x00000002   Code   RO         9307    i.Vision_Init       control_vision.o
    0x0800f0d8   0x0800f0d8   0x0000004c   Code   RO         9308    i.Vision_SendBufFunction  control_vision.o
    0x0800f124   0x0800f124   0x00000044   Code   RO         9309    i.Vision_USART_Receive_DMA  control_vision.o
    0x0800f168   0x0800f168   0x00000024   Code   RO         9310    i.Vision_processing  control_vision.o
    0x0800f18c   0x0800f18c   0x000000ba   Code   RO         2828    i.YAW_IN_PID        pid.o
    0x0800f246   0x0800f246   0x000000ba   Code   RO         2829    i.YAW_OUT_PID       pid.o
    0x0800f300   0x0800f300   0x00000128   Code   RO         8661    i.YAW_PID_Init      cloud_control.o
    0x0800f428   0x0800f428   0x0000010e   Code   RO         2830    i.YAW_Vision_IN_PID  pid.o
    0x0800f536   0x0800f536   0x000000ae   Code   RO         2831    i.YAW_Vision_OUT_PID  pid.o
    0x0800f5e4   0x0800f5e4   0x00000026   Code   RO        10325    i.__ARM_fpclassifyf  m_wm.l(fpclassifyf.o)
    0x0800f60a   0x0800f60a   0x0000000e   Code   RO         9311    i.__ARM_isnanf      control_vision.o
    0x0800f618   0x0800f618   0x00000010   Code   RO         4670    i.__NVIC_GetPriorityGrouping  stm32f4xx_hal_cortex.o
    0x0800f628   0x0800f628   0x00000028   Code   RO         4671    i.__NVIC_SetPriority  stm32f4xx_hal_cortex.o
    0x0800f650   0x0800f650   0x0000012c   Code   RO        10175    i.__hardfp_asinf    m_wm.l(asinf.o)
    0x0800f77c   0x0800f77c   0x000002ac   Code   RO        10187    i.__hardfp_atan2f   m_wm.l(atan2f.o)
    0x0800fa28   0x0800fa28   0x00000014   Code   RO        10199    i.__hardfp_fabs     m_wm.l(fabs.o)
    0x0800fa3c   0x0800fa3c   0x0000007a   Code   RO        10205    i.__hardfp_sqrt     m_wm.l(sqrt_full.o)
    0x0800fab6   0x0800fab6   0x00000006   Code   RO        10328    i.__mathlib_flt_infnan  m_wm.l(funder.o)
    0x0800fabc   0x0800fabc   0x00000006   Code   RO        10329    i.__mathlib_flt_infnan2  m_wm.l(funder.o)
    0x0800fac2   0x0800fac2   0x00000002   PAD
    0x0800fac4   0x0800fac4   0x00000010   Code   RO        10330    i.__mathlib_flt_invalid  m_wm.l(funder.o)
    0x0800fad4   0x0800fad4   0x00000010   Code   RO        10333    i.__mathlib_flt_underflow  m_wm.l(funder.o)
    0x0800fae4   0x0800fae4   0x00000068   Code   RO         2487    i.aRGB_led_show     bsp_led.o
    0x0800fb4c   0x0800fb4c   0x0000002e   Code   RO         2832    i.abs_limit_PID     pid.o
    0x0800fb7a   0x0800fb7a   0x00000002   PAD
    0x0800fb7c   0x0800fb7c   0x00000134   Code   RO         1341    i.bmi088_accel_init  bmi088driver.o
    0x0800fcb0   0x0800fcb0   0x000002fc   Code   RO         1342    i.bmi088_accel_self_test  bmi088driver.o
    0x0800ffac   0x0800ffac   0x000000f4   Code   RO         1343    i.bmi088_gyro_init  bmi088driver.o
    0x080100a0   0x080100a0   0x000000d0   Code   RO         1344    i.bmi088_gyro_self_test  bmi088driver.o
    0x08010170   0x08010170   0x000000ec   Code   RO         3164    i.cali_data_read    calibrate_task.o
    0x0801025c   0x0801025c   0x0000008c   Code   RO         3165    i.cali_data_write   calibrate_task.o
    0x080102e8   0x080102e8   0x0000004c   Code   RO         3166    i.cali_gyro_hook    calibrate_task.o
    0x08010334   0x08010334   0x000000c4   Code   RO         3167    i.cali_param_init   calibrate_task.o
    0x080103f8   0x080103f8   0x000001a4   Code   RO         3168    i.calibrate_task    calibrate_task.o
    0x0801059c   0x0801059c   0x00000030   Code   RO         2421    i.delay_init        bsp_delay.o
    0x080105cc   0x080105cc   0x00000050   Code   RO         2423    i.delay_us          bsp_delay.o
    0x0801061c   0x0801061c   0x0000002e   Code   RO         2550    i.flash_erase_address  bsp_flash.o
    0x0801064a   0x0801064a   0x00000014   Code   RO         2551    i.flash_read        bsp_flash.o
    0x0801065e   0x0801065e   0x00000002   PAD
    0x08010660   0x08010660   0x00000098   Code   RO         2553    i.flash_write_single_address  bsp_flash.o
    0x080106f8   0x080106f8   0x000000f4   Code   RO         2554    i.ger_sector        bsp_flash.o
    0x080107ec   0x080107ec   0x000000dc   Code   RO         2979    i.get_angle         ins_task.o
    0x080108c8   0x080108c8   0x0000005c   Code   RO         2732    i.get_moto_measure  can_control.o
    0x08010924   0x08010924   0x00000090   Code   RO         2733    i.get_moto_measure_2006  can_control.o
    0x080109b4   0x080109b4   0x00000090   Code   RO         2734    i.get_moto_measure_6020  can_control.o
    0x08010a44   0x08010a44   0x000000e8   Code   RO         2555    i.get_next_flash_address  bsp_flash.o
    0x08010b2c   0x08010b2c   0x00000054   Code   RO         2980    i.gyro_offset_calc  ins_task.o
    0x08010b80   0x08010b80   0x0000012c   Code   RO         2981    i.imu_cali_slove    ins_task.o
    0x08010cac   0x08010cac   0x00000168   Code   RO         2982    i.imu_cmd_spi_dma   ins_task.o
    0x08010e14   0x08010e14   0x0000000c   Code   RO         2459    i.imu_pwm_set       bsp_imu_pwm.o
    0x08010e20   0x08010e20   0x000000a4   Code   RO         2983    i.imu_temp_control  ins_task.o
    0x08010ec4   0x08010ec4   0x0000003c   Code   RO         3461    i.invSqrt           mahonyahrs.o
    0x08010f00   0x08010f00   0x00000002   Code   RO         1689    i.ist8310_GPIO_init  ist8310driver_middleware.o
    0x08010f02   0x08010f02   0x00000002   PAD
    0x08010f04   0x08010f04   0x00000028   Code   RO         1691    i.ist8310_IIC_read_single_reg  ist8310driver_middleware.o
    0x08010f2c   0x08010f2c   0x00000028   Code   RO         1693    i.ist8310_IIC_write_single_reg  ist8310driver_middleware.o
    0x08010f54   0x08010f54   0x00000014   Code   RO         1694    i.ist8310_RST_H     ist8310driver_middleware.o
    0x08010f68   0x08010f68   0x00000014   Code   RO         1695    i.ist8310_RST_L     ist8310driver_middleware.o
    0x08010f7c   0x08010f7c   0x00000002   Code   RO         1696    i.ist8310_com_init  ist8310driver_middleware.o
    0x08010f7e   0x08010f7e   0x0000000c   Code   RO         1697    i.ist8310_delay_ms  ist8310driver_middleware.o
    0x08010f8a   0x08010f8a   0x00000002   PAD
    0x08010f8c   0x08010f8c   0x00000094   Code   RO         1654    i.ist8310_init      ist8310driver.o
    0x08011020   0x08011020   0x000001b0   Code   RO         3099    i.led_RGB_flow_task  led_flow_task.o
    0x080111d0   0x080111d0   0x000000b4   Code   RO            7    i.main              main.o
    0x08011284   0x08011284   0x0000000e   Code   RO         8131    i.makeFreeRtosPriority  cmsis_os.o
    0x08011292   0x08011292   0x00000002   Code   RO         9312    i.minimum_HP        control_vision.o
    0x08011294   0x08011294   0x00000002   Code   RO         9313    i.minimum_HP_clean  control_vision.o
    0x08011296   0x08011296   0x00000002   PAD
    0x08011298   0x08011298   0x00000054   Code   RO         2256    i.oled_clear        dev_oled.o
    0x080112ec   0x080112ec   0x0000008c   Code   RO         2261    i.oled_drawpoint    dev_oled.o
    0x08011378   0x08011378   0x00000038   Code   RO         2265    i.oled_refresh_gram  dev_oled.o
    0x080113b0   0x080113b0   0x0000002e   Code   RO         2266    i.oled_set_pos      dev_oled.o
    0x080113de   0x080113de   0x00000002   PAD
    0x080113e0   0x080113e0   0x00000094   Code   RO         2267    i.oled_showchar     dev_oled.o
    0x08011474   0x08011474   0x00000030   Code   RO         2270    i.oled_showstring   dev_oled.o
    0x080114a4   0x080114a4   0x00000034   Code   RO         2271    i.oled_write_byte   dev_oled.o
    0x080114d8   0x080114d8   0x00000018   Code   RO         8133    i.osDelay           cmsis_os.o
    0x080114f0   0x080114f0   0x0000000a   Code   RO         8136    i.osKernelStart     cmsis_os.o
    0x080114fa   0x080114fa   0x0000005e   Code   RO         8170    i.osThreadCreate    cmsis_os.o
    0x08011558   0x08011558   0x00000030   Code   RO         7616    i.pcTaskGetName     tasks.o
    0x08011588   0x08011588   0x000000a4   Code   RO         7617    i.prvAddCurrentTaskToDelayedList  tasks.o
    0x0801162c   0x0801162c   0x000000b4   Code   RO         7618    i.prvAddNewTaskToReadyList  tasks.o
    0x080116e0   0x080116e0   0x00000074   Code   RO         7969    i.prvCheckForValidListAndQueue  timers.o
    0x08011754   0x08011754   0x00000048   Code   RO         7619    i.prvCheckTasksWaitingTermination  tasks.o
    0x0801179c   0x0801179c   0x0000002a   Code   RO         7267    i.prvCopyDataFromQueue  queue.o
    0x080117c6   0x080117c6   0x0000007e   Code   RO         7268    i.prvCopyDataToQueue  queue.o
    0x08011844   0x08011844   0x00000050   Code   RO         7620    i.prvDeleteTCB      tasks.o
    0x08011894   0x08011894   0x00000028   Code   RO         7970    i.prvGetNextExpireTime  timers.o
    0x080118bc   0x080118bc   0x0000007c   Code   RO         8510    i.prvHeapInit       heap_4.o
    0x08011938   0x08011938   0x00000028   Code   RO         7621    i.prvIdleTask       tasks.o
    0x08011960   0x08011960   0x00000026   Code   RO         7271    i.prvInitialiseNewQueue  queue.o
    0x08011986   0x08011986   0x000000c2   Code   RO         7622    i.prvInitialiseNewTask  tasks.o
    0x08011a48   0x08011a48   0x00000068   Code   RO         7623    i.prvInitialiseTaskLists  tasks.o
    0x08011ab0   0x08011ab0   0x00000068   Code   RO         8511    i.prvInsertBlockIntoFreeList  heap_4.o
    0x08011b18   0x08011b18   0x00000058   Code   RO         7972    i.prvInsertTimerInActiveList  timers.o
    0x08011b70   0x08011b70   0x0000001a   Code   RO         7272    i.prvIsQueueEmpty   queue.o
    0x08011b8a   0x08011b8a   0x0000001e   Code   RO         7273    i.prvIsQueueFull    queue.o
    0x08011ba8   0x08011ba8   0x00000074   Code   RO         7973    i.prvProcessExpiredTimer  timers.o
    0x08011c1c   0x08011c1c   0x00000164   Code   RO         7974    i.prvProcessReceivedCommands  timers.o
    0x08011d80   0x08011d80   0x00000074   Code   RO         7975    i.prvProcessTimerOrBlockTask  timers.o
    0x08011df4   0x08011df4   0x00000034   Code   RO         7624    i.prvResetNextTaskUnblockTime  tasks.o
    0x08011e28   0x08011e28   0x0000002c   Code   RO         7976    i.prvSampleTimeNow  timers.o
    0x08011e54   0x08011e54   0x000000b0   Code   RO         7625    i.prvSearchForNameWithinSingleList  tasks.o
    0x08011f04   0x08011f04   0x000000a4   Code   RO         7977    i.prvSwitchTimerLists  timers.o
    0x08011fa8   0x08011fa8   0x00000016   Code   RO         7626    i.prvTaskCheckFreeStackSpace  tasks.o
    0x08011fbe   0x08011fbe   0x00000002   PAD
    0x08011fc0   0x08011fc0   0x00000040   Code   RO         8561    i.prvTaskExitError  port.o
    0x08012000   0x08012000   0x0000001a   Code   RO         7978    i.prvTimerTask      timers.o
    0x0801201a   0x0801201a   0x0000007e   Code   RO         7274    i.prvUnlockQueue    queue.o
    0x08012098   0x08012098   0x0000013c   Code   RO         8512    i.pvPortMalloc      heap_4.o
    0x080121d4   0x080121d4   0x0000002c   Code   RO         8562    i.pxPortInitialiseStack  port.o
    0x08012200   0x08012200   0x0000003e   Code   RO        10343    i.sqrtf             m_wm.l(sqrtf_full.o)
    0x0801223e   0x0801223e   0x0000000a   Code   RO         3137    i.test_task         test_task.o
    0x08012248   0x08012248   0x00000074   Code   RO         7629    i.ulTaskNotifyTake  tasks.o
    0x080122bc   0x080122bc   0x00000028   Code   RO         7227    i.uxListRemove      list.o
    0x080122e4   0x080122e4   0x00000028   Code   RO         7631    i.uxTaskGetStackHighWaterMark  tasks.o
    0x0801230c   0x0801230c   0x00000018   Code   RO          471    i.vApplicationGetIdleTaskMemory  freertos.o
    0x08012324   0x08012324   0x00000018   Code   RO          472    i.vApplicationGetTimerTaskMemory  freertos.o
    0x0801233c   0x0801233c   0x0000001a   Code   RO         7228    i.vListInitialise   list.o
    0x08012356   0x08012356   0x00000006   Code   RO         7229    i.vListInitialiseItem  list.o
    0x0801235c   0x0801235c   0x00000034   Code   RO         7230    i.vListInsert       list.o
    0x08012390   0x08012390   0x00000018   Code   RO         7231    i.vListInsertEnd    list.o
    0x080123a8   0x080123a8   0x00000054   Code   RO         8564    i.vPortEnterCritical  port.o
    0x080123fc   0x080123fc   0x0000003c   Code   RO         8565    i.vPortExitCritical  port.o
    0x08012438   0x08012438   0x00000094   Code   RO         8513    i.vPortFree         heap_4.o
    0x080124cc   0x080124cc   0x00000028   Code   RO         8566    i.vPortSetupTimerInterrupt  port.o
    0x080124f4   0x080124f4   0x00000078   Code   RO         8567    i.vPortValidateInterruptPriority  port.o
    0x0801256c   0x0801256c   0x0000002c   Code   RO         7278    i.vQueueAddToRegistry  queue.o
    0x08012598   0x08012598   0x0000004a   Code   RO         7281    i.vQueueWaitForMessageRestricted  queue.o
    0x080125e2   0x080125e2   0x00000002   PAD
    0x080125e4   0x080125e4   0x0000005c   Code   RO         7635    i.vTaskDelay        tasks.o
    0x08012640   0x08012640   0x000000d4   Code   RO         7636    i.vTaskDelayUntil   tasks.o
    0x08012714   0x08012714   0x00000018   Code   RO         7639    i.vTaskInternalSetTimeOutState  tasks.o
    0x0801272c   0x0801272c   0x0000000c   Code   RO         7640    i.vTaskMissedYield  tasks.o
    0x08012738   0x08012738   0x000000f0   Code   RO         7641    i.vTaskNotifyGiveFromISR  tasks.o
    0x08012828   0x08012828   0x00000038   Code   RO         7642    i.vTaskPlaceOnEventList  tasks.o
    0x08012860   0x08012860   0x00000040   Code   RO         7643    i.vTaskPlaceOnEventListRestricted  tasks.o
    0x080128a0   0x080128a0   0x000000b8   Code   RO         7650    i.vTaskStartScheduler  tasks.o
    0x08012958   0x08012958   0x00000010   Code   RO         7652    i.vTaskSuspendAll   tasks.o
    0x08012968   0x08012968   0x0000008c   Code   RO         7653    i.vTaskSwitchContext  tasks.o
    0x080129f4   0x080129f4   0x00000168   Code   RO         8568    i.xPortStartScheduler  port.o
    0x08012b5c   0x08012b5c   0x000000e0   Code   RO         7285    i.xQueueGenericCreateStatic  queue.o
    0x08012c3c   0x08012c3c   0x00000098   Code   RO         7286    i.xQueueGenericReset  queue.o
    0x08012cd4   0x08012cd4   0x000001a8   Code   RO         7287    i.xQueueGenericSend  queue.o
    0x08012e7c   0x08012e7c   0x000000f8   Code   RO         7288    i.xQueueGenericSendFromISR  queue.o
    0x08012f74   0x08012f74   0x00000168   Code   RO         7296    i.xQueueReceive     queue.o
    0x080130dc   0x080130dc   0x000000a8   Code   RO         7655    i.xTaskCheckForTimeOut  tasks.o
    0x08013184   0x08013184   0x00000064   Code   RO         7656    i.xTaskCreate       tasks.o
    0x080131e8   0x080131e8   0x000000ba   Code   RO         7657    i.xTaskCreateStatic  tasks.o
    0x080132a2   0x080132a2   0x00000002   PAD
    0x080132a4   0x080132a4   0x000000a4   Code   RO         7661    i.xTaskGetHandle    tasks.o
    0x08013348   0x08013348   0x00000020   Code   RO         7662    i.xTaskGetSchedulerState  tasks.o
    0x08013368   0x08013368   0x0000000c   Code   RO         7663    i.xTaskGetTickCount  tasks.o
    0x08013374   0x08013374   0x00000148   Code   RO         7665    i.xTaskIncrementTick  tasks.o
    0x080134bc   0x080134bc   0x000000c8   Code   RO         7668    i.xTaskPriorityDisinherit  tasks.o
    0x08013584   0x08013584   0x00000098   Code   RO         7670    i.xTaskRemoveFromEventList  tasks.o
    0x0801361c   0x0801361c   0x00000104   Code   RO         7671    i.xTaskResumeAll    tasks.o
    0x08013720   0x08013720   0x00000078   Code   RO         7984    i.xTimerCreateTimerTask  timers.o
    0x08013798   0x08013798   0x00000084   Code   RO         7985    i.xTimerGenericCommand  timers.o
    0x0801381c   0x0801381c   0x000002c4   Code   RO        10143    x$fpl$d2f           g_wm.l(d2f_clz.o)
    0x08013ae0   0x08013ae0   0x0000024c   Code   RO        10145    x$fpl$dadd          g_wm.l(daddsub_clz.o)
    0x08013d2c   0x08013d2c   0x00000018   Code   RO        10296    x$fpl$dcmpinf       g_wm.l(dcmpi.o)
    0x08013d44   0x08013d44   0x0000037c   Code   RO        10152    x$fpl$ddiv          g_wm.l(ddiv_clz.o)
    0x080140c0   0x080140c0   0x000000dc   Code   RO        10155    x$fpl$dfixu         g_wm.l(dfixu.o)
    0x0801419c   0x0801419c   0x0000002e   Code   RO        10160    x$fpl$dflt          g_wm.l(dflt_clz.o)
    0x080141ca   0x080141ca   0x0000001a   Code   RO        10161    x$fpl$dfltn         g_wm.l(dflt_clz.o)
    0x080141e4   0x080141e4   0x00000026   Code   RO        10159    x$fpl$dfltu         g_wm.l(dflt_clz.o)
    0x0801420a   0x0801420a   0x00000002   PAD
    0x0801420c   0x0801420c   0x00000078   Code   RO        10165    x$fpl$dleqf         g_wm.l(dleqf.o)
    0x08014284   0x08014284   0x000001c0   Code   RO        10167    x$fpl$dmul          g_wm.l(dmul_clz.o)
    0x08014444   0x08014444   0x00000102   Code   RO        10298    x$fpl$dnaninf       g_wm.l(dnaninf.o)
    0x08014546   0x08014546   0x00000070   Code   RO        10300    x$fpl$drenorm       g_wm.l(drenorm_clz.o)
    0x080145b6   0x080145b6   0x0000000c   Code   RO        10302    x$fpl$dretinf       g_wm.l(dretinf.o)
    0x080145c2   0x080145c2   0x00000062   Code   RO        10169    x$fpl$drleqf        g_wm.l(drleqf.o)
    0x08014624   0x08014624   0x00000208   Code   RO        10304    x$fpl$dsqrt         g_wm.l(dsqrt_umaalclz.o)
    0x0801482c   0x0801482c   0x0000029c   Code   RO        10147    x$fpl$dsub          g_wm.l(daddsub_clz.o)
    0x08014ac8   0x08014ac8   0x0000017a   Code   RO        10306    x$fpl$dunder        g_wm.l(dunder_clz.o)
    0x08014c42   0x08014c42   0x00000002   PAD
    0x08014c44   0x08014c44   0x000001ec   Code   RO        10308    x$fpl$exception     g_wm.l(except.o)
    0x08014e30   0x08014e30   0x0000007a   Code   RO        10171    x$fpl$f2d           g_wm.l(f2d.o)
    0x08014eaa   0x08014eaa   0x000000f2   Code   RO        10310    x$fpl$fnaninf       g_wm.l(fnaninf.o)
    0x08014f9c   0x08014f9c   0x0000000a   Code   RO        10512    x$fpl$fpinit        g_wm.l(fpinit.o)
    0x08014fa6   0x08014fa6   0x0000000a   Code   RO        10312    x$fpl$fretinf       g_wm.l(fretinf.o)
    0x08014fb0   0x08014fb0   0x0000013c   Code   RO        10314    x$fpl$funder        g_wm.l(funder_clz.o)
    0x080150ec   0x080150ec   0x000000b2   Code   RO        10429    x$fpl$retnan        g_wm.l(retnan.o)
    0x0801519e   0x0801519e   0x0000007e   Code   RO        10322    x$fpl$trapveneer    g_wm.l(trapv.o)
    0x0801521c   0x0801521c   0x00000000   Code   RO        10324    x$fpl$usenofp       g_wm.l(usenofp.o)
    0x0801521c   0x0801521c   0x00000118   Data   RO          474    .constdata          freertos.o
    0x08015334   0x08015334   0x00000012   Data   RO         1349    .constdata          bmi088driver.o
    0x08015346   0x08015346   0x0000000c   Data   RO         1657    .constdata          ist8310driver.o
    0x08015352   0x08015352   0x00000bb4   Data   RO         2273    .constdata          dev_oled.o
    0x08015f06   0x08015f06   0x00000002   PAD
    0x08015f08   0x08015f08   0x00000018   Data   RO         2985    .constdata          ins_task.o
    0x08015f20   0x08015f20   0x00000003   Data   RO         3170    .constdata          calibrate_task.o
    0x08015f23   0x08015f23   0x00000100   Data   RO         3559    .constdata          crc.o
    0x08016023   0x08016023   0x00000018   Data   RO         3599    .constdata          system_stm32f4xx.o
    0x0801603b   0x0801603b   0x00000008   Data   RO         4387    .constdata          stm32f4xx_hal_dma.o
    0x08016043   0x08016043   0x00000001   PAD
    0x08016044   0x08016044   0x00000804   Data   RO        10070    .constdata          arm_cortexM4lf_math.lib(arm_common_tables.o)
    0x08016848   0x08016848   0x00000071   Data   RO          475    .conststring        freertos.o
    0x080168b9   0x080168b9   0x00000003   PAD
    0x080168bc   0x080168bc   0x0000000f   Data   RO         2274    .conststring        dev_oled.o
    0x080168cb   0x080168cb   0x00000001   PAD
    0x080168cc   0x080168cc   0x00000020   Data   RO        10583    Region$$Table       anon$$obj.o


    Execution Region RW_IRAM1 (Exec base: 0x20000000, Load base: 0x080168ec, Size: 0x0000c760, Max: 0x00020000, ABSOLUTE, COMPRESSED[0x000002dc])

    Exec Addr    Load Addr    Size         Type   Attr      Idx    E Section Name        Object

    0x20000000   COMPRESSED   0x00000038   Data   RW          476    .data               freertos.o
    0x20000038   COMPRESSED   0x00000004   Data   RW          814    .data               can.o
    0x2000003c   COMPRESSED   0x00000004   Data   RW         1131    .data               stm32f4xx_it.o
    0x20000040   COMPRESSED   0x0000002c   Data   RW         1350    .data               bmi088driver.o
    0x2000006c   COMPRESSED   0x00000024   Data   RW         1802    .data               dji_imu.o
    0x20000090   COMPRESSED   0x00000010   Data   RW         1882    .data               remote_control.o
    0x200000a0   COMPRESSED   0x0000022c   Data   RW         2275    .data               dev_oled.o
    0x200002cc   COMPRESSED   0x00000008   Data   RW         2424    .data               bsp_delay.o
    0x200002d4   COMPRESSED   0x00000008   Data   RW         2488    .data               bsp_led.o
    0x200002dc   COMPRESSED   0x00000010   Data   RW         2556    .data               bsp_flash.o
    0x200002ec   COMPRESSED   0x00000004   Data   RW         2686    .data               bsp_usart.o
    0x200002f0   COMPRESSED   0x00000018   Data   RW         2736    .data               can_control.o
    0x20000308   COMPRESSED   0x000000a0   Data   RW         2986    .data               ins_task.o
    0x200003a8   COMPRESSED   0x0000001c   Data   RW         3100    .data               led_flow_task.o
    0x200003c4   COMPRESSED   0x00000014   Data   RW         3171    .data               calibrate_task.o
    0x200003d8   COMPRESSED   0x00000014   Data   RW         3462    .data               mahonyahrs.o
    0x200003ec   COMPRESSED   0x00000004   Data   RW         3600    .data               system_stm32f4xx.o
    0x200003f0   COMPRESSED   0x00000009   Data   RW         4819    .data               stm32f4xx_hal.o
    0x200003f9   COMPRESSED   0x00000003   PAD
    0x200003fc   COMPRESSED   0x0000003c   Data   RW         7674    .data               tasks.o
    0x20000438   COMPRESSED   0x00000014   Data   RW         7993    .data               timers.o
    0x2000044c   COMPRESSED   0x00000018   Data   RW         8518    .data               heap_4.o
    0x20000464   COMPRESSED   0x0000000c   Data   RW         8569    .data               port.o
    0x20000470   COMPRESSED   0x00000060   Data   RW         8663    .data               cloud_control.o
    0x200004d0   COMPRESSED   0x00000028   Data   RW         8978    .data               robot_control.o
    0x200004f8   COMPRESSED   0x0000001c   Data   RW         9201    .data               chassis_control.o
    0x20000514   COMPRESSED   0x000000bc   Data   RW         9315    .data               control_vision.o
    0x200005d0   COMPRESSED   0x0000008b   Data   RW         9478    .data               shoot.o
    0x2000065b   COMPRESSED   0x00000001   PAD
    0x2000065c   COMPRESSED   0x00000006   Data   RW         9616    .data               task_monitor.o
    0x20000662   COMPRESSED   0x00000002   PAD
    0x20000664   COMPRESSED   0x00000027   Data   RW         9669    .data               dr16_control.o
    0x2000068b   COMPRESSED   0x00000001   PAD
    0x2000068c   COMPRESSED   0x00000018   Data   RW         9761    .data               devices_monitor.o
    0x200006a4        -       0x000006a8   Zero   RW          473    .bss                freertos.o
    0x20000d4c        -       0x00000050   Zero   RW          813    .bss                can.o
    0x20000d9c        -       0x00000054   Zero   RW          888    .bss                i2c.o
    0x20000df0        -       0x00000170   Zero   RW          931    .bss                spi.o
    0x20000f60        -       0x00000180   Zero   RW          984    .bss                tim.o
    0x200010e0        -       0x000001c0   Zero   RW         1059    .bss                usart.o
    0x200012a0        -       0x00000040   Zero   RW         1295    .bss                stm32f4xx_hal_timebase_tim.o
    0x200012e0        -       0x0000002a   Zero   RW         1768    .bss                debug_datascope.o
    0x2000130a   COMPRESSED   0x00000002   PAD
    0x2000130c        -       0x00000028   Zero   RW         1801    .bss                dji_imu.o
    0x20001334        -       0x0000005c   Zero   RW         1881    .bss                remote_control.o
    0x20001390        -       0x00000098   Zero   RW         2029    .bss                m6020_motor.o
    0x20001428        -       0x00000518   Zero   RW         2272    .bss                dev_oled.o
    0x20001940        -       0x0000000a   Zero   RW         2648    .bss                bsp_buzzer.o
    0x2000194a        -       0x00000064   Zero   RW         2685    .bss                bsp_usart.o
    0x200019ae   COMPRESSED   0x00000002   PAD
    0x200019b0        -       0x00000244   Zero   RW         2735    .bss                can_control.o
    0x20001bf4        -       0x00000134   Zero   RW         2984    .bss                ins_task.o
    0x20001d28        -       0x00000041   Zero   RW         3169    .bss                calibrate_task.o
    0x20001d69   COMPRESSED   0x00000003   PAD
    0x20001d6c        -       0x00000020   Zero   RW         4041    .bss                stm32f4xx_hal_flash.o
    0x20001d8c        -       0x00000040   Zero   RW         7299    .bss                queue.o
    0x20001dcc        -       0x000000f0   Zero   RW         7673    .bss                tasks.o
    0x20001ebc        -       0x00000110   Zero   RW         7992    .bss                timers.o
    0x20001fcc        -       0x00006000   Zero   RW         8517    .bss                heap_4.o
    0x20007fcc        -       0x00000468   Zero   RW         8662    .bss                cloud_control.o
    0x20008434        -       0x00000050   Zero   RW         8977    .bss                robot_control.o
    0x20008484        -       0x000000f0   Zero   RW         9314    .bss                control_vision.o
    0x20008574        -       0x00000160   Zero   RW         9477    .bss                shoot.o
    0x200086d4        -       0x00000014   Zero   RW         9668    .bss                dr16_control.o
    0x200086e8        -       0x00000014   Zero   RW         9760    .bss                devices_monitor.o
    0x200086fc        -       0x00000060   Zero   RW        10434    .bss                c_w.l(libspace.o)
    0x2000875c   COMPRESSED   0x00000004   PAD
    0x20008760        -       0x00002000   Zero   RW         3588    HEAP                startup_stm32f407xx.o
    0x2000a760        -       0x00002000   Zero   RW         3587    STACK               startup_stm32f407xx.o


==============================================================================

Image component sizes


      Code (inc. data)   RO Data    RW Data    ZI Data      Debug   Object Name

      2338         40         18         44          0     596231   bmi088driver.o
       140         28          0          0          0      18348   bmi088middleware.o
       332         18          0          0         10       2167   bsp_buzzer.o
       128         20          0          8          0       1484   bsp_delay.o
       694        108          0         16          0       4373   bsp_flash.o
        12          4          0          0          0        550   bsp_imu_pwm.o
       104         22          0          8          0        640   bsp_led.o
     10428        170          0          0          0       5762   bsp_spi.o
       568         16          0          4        100       3162   bsp_usart.o
      1068         86          3         20         65       6192   calibrate_task.o
       496         44          0          4         80       2666   can.o
       990        118          0         24        580       9798   can_control.o
      1520        180          0         28          0       7111   chassis_control.o
      3668        546          0         96       1128      35590   cloud_control.o
       142          0          0          0          0      23175   cmsis_os.o
      1074        132          0        188        240      22010   control_vision.o
        36          6        256          0          0       1400   crc.o
       348         34          0          0         42       3086   debug_datascope.o
         0          0          0          0          0       7216   dev_buzzer.o
      1422        246       3011        556       1304      11624   dev_oled.o
       166         22          0         24         20       4267   devices_monitor.o
         0          0          0         36         40      18951   dji_imu.o
       136          6          0          0          0        914   dma.o
      3996        264          0         39         20      15439   dr16_control.o
         0          0          0          0          0      17288   event_groups.o
       824        116        393         56       1704     647421   freertos.o
       600         28          0          0          0     715247   gpio.o
       692         62          0         24      24576       5095   heap_4.o
       260         30          0          0         84       1893   i2c.o
      4610        332         24        160        308      14559   ins_task.o
       148          6         12          0          0       2159   ist8310driver.o
       136         22          0          0          0       4363   ist8310driver_middleware.o
        64          6          0          0          0      16355   kalman_filter.o
       432         10          0         28          0       1821   led_flow_task.o
       148          0          0          0          0       3890   list.o
         0          0          0          0        152       4470   m6020_motor.o
      2276         72          0         20          0       5137   mahonyahrs.o
       386         42          0          0          0     689082   main.o
      3066         38          0          0          0      15047   pid.o
      1014         92          0         12          0      12677   port.o
      1914         20          0          0         64      18136   queue.o
       908         90          0         16         92      13943   remote_control.o
       948        104          0         40         80       8898   robot_control.o
      2672        276          0        139        352      12576   shoot.o
       660         56          0          0        368       2860   spi.o
        64         26        392          0      16384        864   startup_stm32f407xx.o
        96         20          0          9          0       8390   stm32f4xx_hal.o
      2094          6          0          0          0      15200   stm32f4xx_hal_can.o
       320         30          0          0          0      34693   stm32f4xx_hal_cortex.o
      1220         16          8          0          0       6559   stm32f4xx_hal_dma.o
       652         64          0          0         32       6510   stm32f4xx_hal_flash.o
       432         26          0          0          0       3522   stm32f4xx_hal_flash_ex.o
       586         50          0          0          0       4559   stm32f4xx_hal_gpio.o
      2856         46          0          0          0      12306   stm32f4xx_hal_i2c.o
        84          6          0          0          0        942   stm32f4xx_hal_msp.o
      1868         94          0          0          0       6689   stm32f4xx_hal_rcc.o
      1388          8          0          0          0       6108   stm32f4xx_hal_spi.o
      2026         90          0          0          0      17324   stm32f4xx_hal_tim.o
       300         30          0          0          0       3589   stm32f4xx_hal_tim_ex.o
       140         18          0          0         64       1607   stm32f4xx_hal_timebase_tim.o
      2138         12          0          0          0      10523   stm32f4xx_hal_uart.o
       296         52          0          4          0      10729   stm32f4xx_it.o
         0          0          0          0          0        392   stream_buffer.o
       100         18         24          4          0       1311   system_stm32f4xx.o
        30          0          0          0          0       1085   task_dr16.o
       184         14          0          6          0       1595   task_monitor.o
        42          0          0          0          0       1191   task_robotcontr.o
      3930        432          0         60        240      36783   tasks.o
        10          0          0          0          0        572   test_task.o
      1808        138          0          0        384       7047   tim.o
      1318        124          0         20        272      31375   timers.o
       960         98          0          0        448       4271   usart.o

    ----------------------------------------------------------------------
     76576       4930       4180       1700      49240    3250809   Object Totals
         0          0         32          0          0          0   (incl. Generated)
        70          0          7          7          7          0   (incl. Padding)

    ----------------------------------------------------------------------

      Code (inc. data)   RO Data    RW Data    ZI Data      Debug   Library Member Name

         0          0       2052          0          0       4704   arm_common_tables.o
       120         12          0          0          0      17170   arm_cos_f32.o
       148         18          0          0          0        814   arm_sin_f32.o
       100          0          0          0          0          0   __dclz77c.o
         8          0          0          0          0         68   __main.o
         0          0          0          0          0          0   __rtentry.o
        12          0          0          0          0          0   __rtentry2.o
         6          0          0          0          0          0   __rtentry4.o
        52          8          0          0          0          0   __scatter.o
        28          0          0          0          0          0   __scatter_zi.o
        48          4          0          0          0         84   _fptrap.o
        22          0          0          0          0        100   _rserrno.o
        16          0          0          0          0         68   aeabi_memset.o
        10          0          0          0          0         68   defsig_exit.o
       172        110          0          0          0         76   defsig_fpe_inner.o
        14          0          0          0          0         80   defsig_fpe_outer.o
        50          0          0          0          0         88   defsig_general.o
        18          0          0          0          0         80   exit.o
         6          0          0          0          0        152   heapauxi.o
         0          0          0          0          0          0   indicate_semi.o
         2          0          0          0          0          0   libinit.o
         6          0          0          0          0          0   libinit2.o
         2          0          0          0          0          0   libshutdown.o
         2          0          0          0          0          0   libshutdown2.o
         8          4          0          0         96         68   libspace.o
       238          0          0          0          0        100   lludivv7m.o
         8          4          0          0          0         68   rt_errno_addr_intlibspace.o
        68          0          0          0          0         68   rt_memclr.o
        78          0          0          0          0         80   rt_memclr_w.o
       138          0          0          0          0         68   rt_memcpy_v6.o
       100          0          0          0          0         80   rt_memcpy_w.o
         2          0          0          0          0          0   rtexit.o
        10          0          0          0          0          0   rtexit2.o
        62          0          0          0          0         76   strlen.o
        12          4          0          0          0         68   sys_exit.o
        74          0          0          0          0         80   sys_stackheap_outer.o
        14          0          0          0          0         76   sys_wrch.o
         2          0          0          0          0         68   use_no_semi.o
       708         16          0          0          0        140   d2f_clz.o
      1256         28          0          0          0        408   daddsub_clz.o
        24          0          0          0          0        116   dcmpi.o
       892        152          0          0          0        292   ddiv_clz.o
       220         16          0          0          0        192   dfixu.o
       110          0          0          0          0        348   dflt_clz.o
       120          8          0          0          0        140   dleqf.o
       448         16          0          0          0        164   dmul_clz.o
       258          4          0          0          0        156   dnaninf.o
       112          0          0          0          0        160   drenorm_clz.o
        12          0          0          0          0        116   dretinf.o
        98          0          0          0          0        128   drleqf.o
       520         56          0          0          0        180   dsqrt_umaalclz.o
       378          0          0          0          0        168   dunder_clz.o
       492         36          0          0          0        148   except.o
       122          8          0          0          0        132   f2d.o
       242          4          0          0          0        144   fnaninf.o
        10          0          0          0          0        116   fpinit.o
        10          0          0          0          0        116   fretinf.o
       316          0          0          0          0        132   funder_clz.o
       178          0          0          0          0        116   retnan.o
       126          0          0          0          0        148   trapv.o
         0          0          0          0          0          0   usenofp.o
       300         42          0          0          0        176   asinf.o
       684         90          0          0          0        208   atan2f.o
        20          0          0          0          0        124   fabs.o
        38          0          0          0          0        116   fpclassifyf.o
        44         12          0          0          0        464   funder.o
       122          0          0          0          0        148   sqrt_full.o
        62          0          0          0          0        136   sqrtf_full.o

    ----------------------------------------------------------------------
      9588        652       2052          0        100      29584   Library Totals
        10          0          0          0          4          0   (incl. Padding)

    ----------------------------------------------------------------------

      Code (inc. data)   RO Data    RW Data    ZI Data      Debug   Library Name

       268         30       2052          0          0      22688   arm_cortexM4lf_math.lib
      1388        134          0          0         96       1764   c_w.l
      6652        344          0          0          0       3760   g_wm.l
      1270        144          0          0          0       1372   m_wm.l

    ----------------------------------------------------------------------
      9588        652       2052          0        100      29584   Library Totals

    ----------------------------------------------------------------------

==============================================================================


      Code (inc. data)   RO Data    RW Data    ZI Data      Debug   

     86164       5582       6232       1700      49340    3232057   Grand Totals
     86164       5582       6232        732      49340    3232057   ELF Image Totals (compressed)
     86164       5582       6232        732          0          0   ROM Totals

==============================================================================

    Total RO  Size (Code + RO Data)                92396 (  90.23kB)
    Total RW  Size (RW Data + ZI Data)             51040 (  49.84kB)
    Total ROM Size (Code + RO Data + RW Data)      93128 (  90.95kB)

==============================================================================

